Archive member included because of file (symbol)

c:/ac6/systemworkbench/plugins/fr.ac6.mcu.externaltools.arm-none.win32_1.3.0.201507241045/tools/compiler/bin/../lib/gcc/arm-none-eabi/4.9.3/../../../../arm-none-eabi/lib/armv7e-m/fpu\libc_nano.a(lib_a-errno.o)
                              Example/User/syscalls.o (__errno)
c:/ac6/systemworkbench/plugins/fr.ac6.mcu.externaltools.arm-none.win32_1.3.0.201507241045/tools/compiler/bin/../lib/gcc/arm-none-eabi/4.9.3/../../../../arm-none-eabi/lib/armv7e-m/fpu\libc_nano.a(lib_a-exit.o)
                              c:/ac6/systemworkbench/plugins/fr.ac6.mcu.externaltools.arm-none.win32_1.3.0.201507241045/tools/compiler/bin/../lib/gcc/arm-none-eabi/4.9.3/../../../../arm-none-eabi/lib/armv7e-m/fpu/crt0.o (exit)
c:/ac6/systemworkbench/plugins/fr.ac6.mcu.externaltools.arm-none.win32_1.3.0.201507241045/tools/compiler/bin/../lib/gcc/arm-none-eabi/4.9.3/../../../../arm-none-eabi/lib/armv7e-m/fpu\libc_nano.a(lib_a-impure.o)
                              c:/ac6/systemworkbench/plugins/fr.ac6.mcu.externaltools.arm-none.win32_1.3.0.201507241045/tools/compiler/bin/../lib/gcc/arm-none-eabi/4.9.3/../../../../arm-none-eabi/lib/armv7e-m/fpu\libc_nano.a(lib_a-exit.o) (_global_impure_ptr)
c:/ac6/systemworkbench/plugins/fr.ac6.mcu.externaltools.arm-none.win32_1.3.0.201507241045/tools/compiler/bin/../lib/gcc/arm-none-eabi/4.9.3/../../../../arm-none-eabi/lib/armv7e-m/fpu\libc_nano.a(lib_a-init.o)
                              c:/ac6/systemworkbench/plugins/fr.ac6.mcu.externaltools.arm-none.win32_1.3.0.201507241045/tools/compiler/bin/../lib/gcc/arm-none-eabi/4.9.3/../../../../arm-none-eabi/lib/armv7e-m/fpu/crt0.o (__libc_init_array)
c:/ac6/systemworkbench/plugins/fr.ac6.mcu.externaltools.arm-none.win32_1.3.0.201507241045/tools/compiler/bin/../lib/gcc/arm-none-eabi/4.9.3/../../../../arm-none-eabi/lib/armv7e-m/fpu\libc_nano.a(lib_a-memcpy.o)
                              Middlewares/Third_Party/FreeRTOS/Source/queue.o (memcpy)
c:/ac6/systemworkbench/plugins/fr.ac6.mcu.externaltools.arm-none.win32_1.3.0.201507241045/tools/compiler/bin/../lib/gcc/arm-none-eabi/4.9.3/../../../../arm-none-eabi/lib/armv7e-m/fpu\libc_nano.a(lib_a-memset.o)
                              c:/ac6/systemworkbench/plugins/fr.ac6.mcu.externaltools.arm-none.win32_1.3.0.201507241045/tools/compiler/bin/../lib/gcc/arm-none-eabi/4.9.3/../../../../arm-none-eabi/lib/armv7e-m/fpu/crt0.o (memset)
c:/ac6/systemworkbench/plugins/fr.ac6.mcu.externaltools.arm-none.win32_1.3.0.201507241045/tools/compiler/bin/../lib/gcc/arm-none-eabi/4.9.3/../../../../arm-none-eabi/lib/armv7e-m/fpu\libc_nano.a(lib_a-printf.o)
                              Drivers/BSP/Components/HTS221_Driver.o (printf)
c:/ac6/systemworkbench/plugins/fr.ac6.mcu.externaltools.arm-none.win32_1.3.0.201507241045/tools/compiler/bin/../lib/gcc/arm-none-eabi/4.9.3/../../../../arm-none-eabi/lib/armv7e-m/fpu\libc_nano.a(lib_a-sprintf.o)
                              Example/User/main.o (sprintf)
c:/ac6/systemworkbench/plugins/fr.ac6.mcu.externaltools.arm-none.win32_1.3.0.201507241045/tools/compiler/bin/../lib/gcc/arm-none-eabi/4.9.3/../../../../arm-none-eabi/lib/armv7e-m/fpu\libc_nano.a(lib_a-strlen.o)
                              Example/User/main.o (strlen)
c:/ac6/systemworkbench/plugins/fr.ac6.mcu.externaltools.arm-none.win32_1.3.0.201507241045/tools/compiler/bin/../lib/gcc/arm-none-eabi/4.9.3/../../../../arm-none-eabi/lib/armv7e-m/fpu\libc_nano.a(lib_a-findfp.o)
                              c:/ac6/systemworkbench/plugins/fr.ac6.mcu.externaltools.arm-none.win32_1.3.0.201507241045/tools/compiler/bin/../lib/gcc/arm-none-eabi/4.9.3/../../../../arm-none-eabi/lib/armv7e-m/fpu\libc_nano.a(lib_a-printf.o) (__sinit)
c:/ac6/systemworkbench/plugins/fr.ac6.mcu.externaltools.arm-none.win32_1.3.0.201507241045/tools/compiler/bin/../lib/gcc/arm-none-eabi/4.9.3/../../../../arm-none-eabi/lib/armv7e-m/fpu\libc_nano.a(lib_a-fwalk.o)
                              c:/ac6/systemworkbench/plugins/fr.ac6.mcu.externaltools.arm-none.win32_1.3.0.201507241045/tools/compiler/bin/../lib/gcc/arm-none-eabi/4.9.3/../../../../arm-none-eabi/lib/armv7e-m/fpu\libc_nano.a(lib_a-findfp.o) (_fwalk)
c:/ac6/systemworkbench/plugins/fr.ac6.mcu.externaltools.arm-none.win32_1.3.0.201507241045/tools/compiler/bin/../lib/gcc/arm-none-eabi/4.9.3/../../../../arm-none-eabi/lib/armv7e-m/fpu\libc_nano.a(lib_a-nano-mallocr.o)
                              c:/ac6/systemworkbench/plugins/fr.ac6.mcu.externaltools.arm-none.win32_1.3.0.201507241045/tools/compiler/bin/../lib/gcc/arm-none-eabi/4.9.3/../../../../arm-none-eabi/lib/armv7e-m/fpu\libc_nano.a(lib_a-findfp.o) (_malloc_r)
c:/ac6/systemworkbench/plugins/fr.ac6.mcu.externaltools.arm-none.win32_1.3.0.201507241045/tools/compiler/bin/../lib/gcc/arm-none-eabi/4.9.3/../../../../arm-none-eabi/lib/armv7e-m/fpu\libc_nano.a(lib_a-nano-svfprintf.o)
[...]
Memory Configuration

Name             Origin             Length             Attributes
FLASH            0x08000000         0x00080000         xr
RAM              0x20000000         0x00018000         xrw
*default*        0x00000000         0xffffffff

Linker script and memory map

LOAD c:/ac6/systemworkbench/plugins/fr.ac6.mcu.externaltools.arm-none.win32_1.3.0.201507241045/tools/compiler/bin/../lib/gcc/arm-none-eabi/4.9.3/armv7e-m/fpu/crti.o
LOAD c:/ac6/systemworkbench/plugins/fr.ac6.mcu.externaltools.arm-none.win32_1.3.0.201507241045/tools/compiler/bin/../lib/gcc/arm-none-eabi/4.9.3/armv7e-m/fpu/crtbegin.o
LOAD c:/ac6/systemworkbench/plugins/fr.ac6.mcu.externaltools.arm-none.win32_1.3.0.201507241045/tools/compiler/bin/../lib/gcc/arm-none-eabi/4.9.3/../../../../arm-none-eabi/lib/armv7e-m/fpu/crt0.o
LOAD c:/ac6/systemworkbench/plugins/fr.ac6.mcu.externaltools.arm-none.win32_1.3.0.201507241045/tools/compiler/bin/../lib/gcc/arm-none-eabi/4.9.3/../../../../arm-none-eabi/lib/armv7e-m/fpu\libm.a
LOAD Middlewares/Third_Party/FreeRTOS/Source/croutine.o
LOAD Middlewares/Third_Party/FreeRTOS/Source/event_groups.o
LOAD Middlewares/Third_Party/FreeRTOS/Source/list.o
LOAD Middlewares/Third_Party/FreeRTOS/Source/queue.o
LOAD Middlewares/Third_Party/FreeRTOS/Source/tasks.o
LOAD Middlewares/Third_Party/FreeRTOS/Source/timers.o
LOAD Middlewares/Third_Party/FreeRTOS/Source/portable/MemMang/heap_4.o
LOAD Middlewares/Third_Party/FreeRTOS/Source/portable/GCC/ARM_CM4F/port.o
LOAD Middlewares/Third_Party/FreeRTOS/Source/CMSIS_RTOS/cmsis_os.o
LOAD Example/User/com.o
LOAD Example/User/cube_hal_f4.o
LOAD Example/User/freertos.o
LOAD Example/User/main.o
LOAD Example/User/stm32f4xx_hal_msp.o
LOAD Example/User/stm32f4xx_it.o
LOAD Example/User/syscalls.o
LOAD Drivers/STM32F4xx_HAL_Driver/stm32f4xx_hal.o
LOAD Drivers/STM32F4xx_HAL_Driver/stm32f4xx_hal_cortex.o
LOAD Drivers/STM32F4xx_HAL_Driver/stm32f4xx_hal_dma.o
LOAD Drivers/STM32F4xx_HAL_Driver/stm32f4xx_hal_dma_ex.o
LOAD Drivers/STM32F4xx_HAL_Driver/stm32f4xx_hal_flash.o
LOAD Drivers/STM32F4xx_HAL_Driver/stm32f4xx_hal_flash_ex.o
LOAD Drivers/STM32F4xx_HAL_Driver/stm32f4xx_hal_gpio.o
LOAD Drivers/STM32F4xx_HAL_Driver/stm32f4xx_hal_i2c.o
LOAD Drivers/STM32F4xx_HAL_Driver/stm32f4xx_hal_i2c_ex.o
LOAD Drivers/STM32F4xx_HAL_Driver/stm32f4xx_hal_rcc.o
LOAD Drivers/STM32F4xx_HAL_Driver/stm32f4xx_hal_rcc_ex.o
LOAD Drivers/STM32F4xx_HAL_Driver/stm32f4xx_hal_rtc.o
LOAD Drivers/STM32F4xx_HAL_Driver/stm32f4xx_hal_rtc_ex.o
LOAD Drivers/STM32F4xx_HAL_Driver/stm32f4xx_hal_uart.o
LOAD Drivers/CMSIS/Device/ST/STM32F4xx/Source/Templates/system_stm32f4xx.o
LOAD Drivers/CMSIS/Device/ST/STM32F4xx/Source/Templates/gcc/startup_stm32f401xe.o
LOAD Drivers/BSP/X_NUCLEO_IKS01A1/x_nucleo_iks01a1.o
LOAD Drivers/BSP/X_NUCLEO_IKS01A1/x_nucleo_iks01a1_accelero.o
LOAD Drivers/BSP/X_NUCLEO_IKS01A1/x_nucleo_iks01a1_gyro.o
LOAD Drivers/BSP/X_NUCLEO_IKS01A1/x_nucleo_iks01a1_humidity.o
LOAD Drivers/BSP/X_NUCLEO_IKS01A1/x_nucleo_iks01a1_magneto.o
LOAD Drivers/BSP/X_NUCLEO_IKS01A1/x_nucleo_iks01a1_pressure.o
LOAD Drivers/BSP/X_NUCLEO_IKS01A1/x_nucleo_iks01a1_temperature.o
LOAD Drivers/BSP/STM32F4xx-Nucleo/stm32f4xx_nucleo.o
LOAD Drivers/BSP/Components/HTS221_Driver.o
LOAD Drivers/BSP/Components/HTS221_Driver_HL.o
LOAD Drivers/BSP/Components/LIS3MDL_MAG_driver.o
LOAD Drivers/BSP/Components/LIS3MDL_MAG_driver_HL.o
LOAD Drivers/BSP/Components/LPS25HB_Driver.o
LOAD Drivers/BSP/Components/LPS25HB_Driver_HL.o
LOAD Drivers/BSP/Components/LSM6DS0_ACC_GYRO_driver.o
LOAD Drivers/BSP/Components/LSM6DS0_ACC_GYRO_driver_HL.o
LOAD Drivers/BSP/Components/LSM6DS3_ACC_GYRO_driver.o
LOAD Drivers/BSP/Components/LSM6DS3_ACC_GYRO_driver_HL.o
LOAD c:/ac6/systemworkbench/plugins/fr.ac6.mcu.externaltools.arm-none.win32_1.3.0.201507241045/tools/compiler/bin/../lib/gcc/arm-none-eabi/4.9.3/../../../../arm-none-eabi/lib/armv7e-m/fpu\libm.a
LOAD c:/ac6/systemworkbench/plugins/fr.ac6.mcu.externaltools.arm-none.win32_1.3.0.201507241045/tools/compiler/bin/../lib/gcc/arm-none-eabi/4.9.3/../../../../arm-none-eabi/lib/armv7e-m/fpu\libc_nano.a
START GROUP
LOAD c:/ac6/systemworkbench/plugins/fr.ac6.mcu.externaltools.arm-none.win32_1.3.0.201507241045/tools/compiler/bin/../lib/gcc/arm-none-eabi/4.9.3/armv7e-m/fpu\libgcc.a
LOAD c:/ac6/systemworkbench/plugins/fr.ac6.mcu.externaltools.arm-none.win32_1.3.0.201507241045/tools/compiler/bin/../lib/gcc/arm-none-eabi/4.9.3/../../../../arm-none-eabi/lib/armv7e-m/fpu\libc_nano.a
END GROUP
START GROUP
LOAD c:/ac6/systemworkbench/plugins/fr.ac6.mcu.externaltools.arm-none.win32_1.3.0.201507241045/tools/compiler/bin/../lib/gcc/arm-none-eabi/4.9.3/armv7e-m/fpu\libgcc.a
LOAD c:/ac6/systemworkbench/plugins/fr.ac6.mcu.externaltools.arm-none.win32_1.3.0.201507241045/tools/compiler/bin/../lib/gcc/arm-none-eabi/4.9.3/../../../../arm-none-eabi/lib/armv7e-m/fpu\libc_nano.a
END GROUP
LOAD c:/ac6/systemworkbench/plugins/fr.ac6.mcu.externaltools.arm-none.win32_1.3.0.201507241045/tools/compiler/bin/../lib/gcc/arm-none-eabi/4.9.3/armv7e-m/fpu/crtend.o
LOAD c:/ac6/systemworkbench/plugins/fr.ac6.mcu.externaltools.arm-none.win32_1.3.0.201507241045/tools/compiler/bin/../lib/gcc/arm-none-eabi/4.9.3/armv7e-m/fpu/crtn.o
                0x20017fff                _estack = 0x20017fff
                0x00000200                _Min_Heap_Size = 0x200
                0x00000400                _Min_Stack_Size = 0x400

.isr_vector     0x08000000      0x194
                0x08000000                . = ALIGN (0x4)
 *(.isr_vector)
 .isr_vector    0x08000000      0x194 Drivers/CMSIS/Device/ST/STM32F4xx/Source/Templates/gcc/startup_stm32f401xe.o
                0x08000000                g_pfnVectors
                0x08000194                . = ALIGN (0x4)

.text           0x08000194     0x88a8
                0x08000194                . = ALIGN (0x4)
 *(.text)
 .text          0x08000194       0x5c c:/ac6/systemworkbench/plugins/fr.ac6.mcu.externaltools.arm-none.win32_1.3.0.201507241045/tools/compiler/bin/../lib/gcc/arm-none-eabi/4.9.3/armv7e-m/fpu/crtbegin.o
 .text          0x080001f0      0x370 c:/ac6/systemworkbench/plugins/fr.ac6.mcu.externaltools.arm-none.win32_1.3.0.201507241045/tools/compiler/bin/../lib/gcc/arm-none-eabi/4.9.3/armv7e-m/fpu\libgcc.a(_arm_addsubdf3.o)
                0x080001f0                __aeabi_drsub
                0x080001f8                __aeabi_dsub
                0x080001f8                __subdf3
                0x080001fc                __aeabi_dadd
                0x080001fc                __adddf3
                0x08000474                __floatunsidf
                0x08000474                __aeabi_ui2d
                0x08000494                __floatsidf
                0x08000494                __aeabi_i2d
                0x080004b8                __aeabi_f2d
                0x080004b8                __extendsfdf2
                0x080004f4                __floatundidf
                0x080004f4                __aeabi_ul2d
                0x08000504                __floatdidf
                0x08000504                __aeabi_l2d
 .text          0x08000560      0x424 c:/ac6/systemworkbench/plugins/fr.ac6.mcu.externaltools.arm-none.win32_1.3.0.201507241045/tools/compiler/bin/../lib/gcc/arm-none-eabi/4.9.3/armv7e-m/fpu\libgcc.a(_arm_muldivdf3.o)
                0x08000560                __aeabi_dmul
                0x08000560                __muldf3
                0x080007b4                __divdf3
                0x080007b4                __aeabi_ddiv
 .text          0x08000984       0x50 c:/ac6/systemworkbench/plugins/fr.ac6.mcu.externaltools.arm-none.win32_1.3.0.201507241045/tools/compiler/bin/../lib/gcc/arm-none-eabi/4.9.3/armv7e-m/fpu\libgcc.a(_arm_fixdfsi.o)
                0x08000984                __aeabi_d2iz
                0x08000984                __fixdfsi
 *(.text*)
 .text.vListInitialise
                0x080009d4       0x16 Middlewares/Third_Party/FreeRTOS/Source/list.o
                0x080009d4                vListInitialise
 .text.vListInitialiseItem
                0x080009ea        0x6 Middlewares/Third_Party/FreeRTOS/Source/list.o
                0x080009ea                vListInitialiseItem
 .text.vListInsertEnd
                0x080009f0       0x18 Middlewares/Third_Party/FreeRTOS/Source/list.o
                0x080009f0                vListInsertEnd
 .text.vListInsert
                0x08000a08       0x30 Middlewares/Third_Party/FreeRTOS/Source/list.o
                0x08000a08                vListInsert
 .text.uxListRemove
                0x08000a38       0x20 Middlewares/Third_Party/FreeRTOS/Source/list.o
                0x08000a38                uxListRemove
 .text.unlikely.prvCopyDataToQueue
                0x08000a58       0x6a Middlewares/Third_Party/FreeRTOS/Source/queue.o
 .text.unlikely.prvCopyDataFromQueue
                0x08000ac2       0x26 Middlewares/Third_Party/FreeRTOS/Source/queue.o
 .text.prvUnlockQueue
                0x08000ae8       0x64 Middlewares/Third_Party/FreeRTOS/Source/queue.o
 .text.xQueueGenericReset
                0x08000b4c       0x80 Middlewares/Third_Party/FreeRTOS/Source/queue.o
                0x08000b4c                xQueueGenericReset
 .text.xQueueGenericCreate
                0x08000bcc       0x64 Middlewares/Third_Party/FreeRTOS/Source/queue.o
                0x08000bcc                xQueueGenericCreate
 .text.xQueueGenericSend
                0x08000c30      0x15c Middlewares/Third_Party/FreeRTOS/Source/queue.o
                0x08000c30                xQueueGenericSend
 .text.xQueueGenericSendFromISR
                0x08000d8c       0xb8 Middlewares/Third_Party/FreeRTOS/Source/queue.o
                0x08000d8c                xQueueGenericSendFromISR
 .text.xQueueGiveFromISR
                0x08000e44       0xa0 Middlewares/Third_Party/FreeRTOS/Source/queue.o
                0x08000e44                xQueueGiveFromISR
 .text.xQueueGenericReceive
                0x08000ee4      0x168 Middlewares/Third_Party/FreeRTOS/Source/queue.o
                0x08000ee4                xQueueGenericReceive
 .text.vQueueAddToRegistry
                0x0800104c       0x24 Middlewares/Third_Party/FreeRTOS/Source/queue.o
                0x0800104c                vQueueAddToRegistry
 .text.vQueueWaitForMessageRestricted
                0x08001070       0x3a Middlewares/Third_Party/FreeRTOS/Source/queue.o
                0x08001070                vQueueWaitForMessageRestricted
 *fill*         0x080010aa        0x2 
 .text.prvResetNextTaskUnblockTime
                0x080010ac       0x24 Middlewares/Third_Party/FreeRTOS/Source/tasks.o
 .text.prvAddCurrentTaskToDelayedList
                0x080010d0       0x3c Middlewares/Third_Party/FreeRTOS/Source/tasks.o
 .text.unlikely.xTaskGenericCreate.part.5
                0x0800110c      0x198 Middlewares/Third_Party/FreeRTOS/Source/tasks.o
 .text.xTaskGenericCreate
                0x080012a4       0x40 Middlewares/Third_Party/FreeRTOS/Source/tasks.o
                0x080012a4                xTaskGenericCreate
 .text.vTaskStartScheduler
                0x080012e4       0x68 Middlewares/Third_Party/FreeRTOS/Source/tasks.o
                0x080012e4                vTaskStartScheduler
 .text.vTaskSuspendAll
                0x0800134c       0x14 Middlewares/Third_Party/FreeRTOS/Source/tasks.o
                0x0800134c                vTaskSuspendAll
 .text.xTaskGetTickCount
                0x08001360        0xc Middlewares/Third_Party/FreeRTOS/Source/tasks.o
                0x08001360                xTaskGetTickCount
 .text.xTaskIncrementTick
                0x0800136c       0xf8 Middlewares/Third_Party/FreeRTOS/Source/tasks.o
                0x0800136c                xTaskIncrementTick
 .text.xTaskResumeAll
                0x08001464       0xe0 Middlewares/Third_Party/FreeRTOS/Source/tasks.o
                0x08001464                xTaskResumeAll
 .text.prvIdleTask
                0x08001544       0x6c Middlewares/Third_Party/FreeRTOS/Source/tasks.o
 .text.vTaskSwitchContext
                0x080015b0       0x6c Middlewares/Third_Party/FreeRTOS/Source/tasks.o
                0x080015b0                vTaskSwitchContext
 .text.vTaskPlaceOnEventList
                0x0800161c       0x64 Middlewares/Third_Party/FreeRTOS/Source/tasks.o
                0x0800161c                vTaskPlaceOnEventList
 .text.vTaskPlaceOnEventListRestricted
                0x08001680       0x54 Middlewares/Third_Party/FreeRTOS/Source/tasks.o
                0x08001680                vTaskPlaceOnEventListRestricted
 .text.xTaskRemoveFromEventList
                0x080016d4       0x74 Middlewares/Third_Party/FreeRTOS/Source/tasks.o
                0x080016d4                xTaskRemoveFromEventList
 .text.vTaskSetTimeOutState
                0x08001748       0x28 Middlewares/Third_Party/FreeRTOS/Source/tasks.o
                0x08001748                vTaskSetTimeOutState
 .text.xTaskCheckForTimeOut
                0x08001770       0x70 Middlewares/Third_Party/FreeRTOS/Source/tasks.o
                0x08001770                xTaskCheckForTimeOut
 .text.vTaskMissedYield
                0x080017e0       0x10 Middlewares/Third_Party/FreeRTOS/Source/tasks.o
                0x080017e0                vTaskMissedYield
 .text.xTaskGetSchedulerState
                0x080017f0       0x20 Middlewares/Third_Party/FreeRTOS/Source/tasks.o
                0x080017f0                xTaskGetSchedulerState
 .text.vTaskPriorityInherit
                0x08001810       0x94 Middlewares/Third_Party/FreeRTOS/Source/tasks.o
                0x08001810                vTaskPriorityInherit
 .text.xTaskPriorityDisinherit
                0x080018a4       0xa4 Middlewares/Third_Party/FreeRTOS/Source/tasks.o
                0x080018a4                xTaskPriorityDisinherit
 .text.pvTaskIncrementMutexHeldCount
                0x08001948       0x18 Middlewares/Third_Party/FreeRTOS/Source/tasks.o
                0x08001948                pvTaskIncrementMutexHeldCount
 .text.prvInsertTimerInActiveList
                0x08001960       0x38 Middlewares/Third_Party/FreeRTOS/Source/timers.o
 .text.prvCheckForValidListAndQueue
                0x08001998       0x5c Middlewares/Third_Party/FreeRTOS/Source/timers.o
 .text.xTimerCreateTimerTask
                0x080019f4       0x4c Middlewares/Third_Party/FreeRTOS/Source/timers.o
                0x080019f4                xTimerCreateTimerTask
 .text.xTimerCreate
                0x08001a40       0x4a Middlewares/Third_Party/FreeRTOS/Source/timers.o
                0x08001a40                xTimerCreate
 *fill*         0x08001a8a        0x2 
 .text.xTimerGenericCommand
                0x08001a8c       0x48 Middlewares/Third_Party/FreeRTOS/Source/timers.o
                0x08001a8c                xTimerGenericCommand
 .text.prvSwitchTimerLists
                0x08001ad4       0x6c Middlewares/Third_Party/FreeRTOS/Source/timers.o
 .text.prvTimerTask
                0x08001b40      0x190 Middlewares/Third_Party/FreeRTOS/Source/timers.o
 .text.unlikely.prvInsertBlockIntoFreeList
                0x08001cd0       0x44 Middlewares/Third_Party/FreeRTOS/Source/portable/MemMang/heap_4.o
 .text.pvPortMalloc
                0x08001d14      0x124 Middlewares/Third_Party/FreeRTOS/Source/portable/MemMang/heap_4.o
                0x08001d14                pvPortMalloc
 .text.vPortFree
                0x08001e38       0x70 Middlewares/Third_Party/FreeRTOS/Source/portable/MemMang/heap_4.o
                0x08001e38                vPortFree
 .text.prvTaskExitError
                0x08001ea8       0x30 Middlewares/Third_Party/FreeRTOS/Source/portable/GCC/ARM_CM4F/port.o
 .text.prvPortStartFirstTask
                0x08001ed8       0x20 Middlewares/Third_Party/FreeRTOS/Source/portable/GCC/ARM_CM4F/port.o
 .text.vPortEnableVFP
                0x08001ef8       0x14 Middlewares/Third_Party/FreeRTOS/Source/portable/GCC/ARM_CM4F/port.o
 .text.pxPortInitialiseStack
                0x08001f0c       0x24 Middlewares/Third_Party/FreeRTOS/Source/portable/GCC/ARM_CM4F/port.o
                0x08001f0c                pxPortInitialiseStack
 .text.SVC_Handler
                0x08001f30       0x20 Middlewares/Third_Party/FreeRTOS/Source/portable/GCC/ARM_CM4F/port.o
                0x08001f30                SVC_Handler
 .text.vPortEnterCritical
                0x08001f50       0x44 Middlewares/Third_Party/FreeRTOS/Source/portable/GCC/ARM_CM4F/port.o
                0x08001f50                vPortEnterCritical
 .text.vPortExitCritical
                0x08001f94       0x28 Middlewares/Third_Party/FreeRTOS/Source/portable/GCC/ARM_CM4F/port.o
                0x08001f94                vPortExitCritical
 .text.PendSV_Handler
                0x08001fbc       0x60 Middlewares/Third_Party/FreeRTOS/Source/portable/GCC/ARM_CM4F/port.o
                0x08001fbc                PendSV_Handler
 .text.vPortSetupTimerInterrupt
                0x0800201c       0x28 Middlewares/Third_Party/FreeRTOS/Source/portable/GCC/ARM_CM4F/port.o
                0x0800201c                vPortSetupTimerInterrupt
 .text.xPortStartScheduler
                0x08002044       0xdc Middlewares/Third_Party/FreeRTOS/Source/portable/GCC/ARM_CM4F/port.o
                0x08002044                xPortStartScheduler
 .text.vPortValidateInterruptPriority
                0x08002120       0x54 Middlewares/Third_Party/FreeRTOS/Source/portable/GCC/ARM_CM4F/port.o
                0x08002120                vPortValidateInterruptPriority
 .text.osKernelStart
                0x08002174        0xa Middlewares/Third_Party/FreeRTOS/Source/CMSIS_RTOS/cmsis_os.o
                0x08002174                osKernelStart
 .text.osThreadCreate
                0x0800217e       0x36 Middlewares/Third_Party/FreeRTOS/Source/CMSIS_RTOS/cmsis_os.o
                0x0800217e                osThreadCreate
 .text.osTimerCreate
                0x080021b4       0x20 Middlewares/Third_Party/FreeRTOS/Source/CMSIS_RTOS/cmsis_os.o
                0x080021b4                osTimerCreate
 .text.osTimerStop
                0x080021d4       0x50 Middlewares/Third_Party/FreeRTOS/Source/CMSIS_RTOS/cmsis_os.o
                0x080021d4                osTimerStop
 .text.USARTConfig
                0x08002224       0xac Example/User/com.o
                0x08002224                USARTConfig
 .text.SystemClock_Config
                0x080022d0       0x7c Example/User/cube_hal_f4.o
                0x080022d0                SystemClock_Config
 .text.StartLEDTask
                0x0800234c       0x18 Example/User/freertos.o
                0x0800234c                StartLEDTask
 .text.StarIMUTask
                0x08002364       0x44 Example/User/freertos.o
                0x08002364                StarIMUTask
 .text.MX_FREERTOS_Init
                0x080023a8       0x48 Example/User/freertos.o
                0x080023a8                MX_FREERTOS_Init
 .text.IMUTimerCallback
                0x080023f0       0x10 Example/User/freertos.o
                0x080023f0                IMUTimerCallback
 .text.floatToInt.constprop.0
                0x08002400       0x40 Example/User/main.o
 .text.Gyro_Sensor_Handler
                0x08002440      0x160 Example/User/main.o
 .text.Accelero_Sensor_Handler
                0x080025a0      0x160 Example/User/main.o
 .text.startup.main
                0x08002700      0x128 Example/User/main.o
                0x08002700                main
 .text.readSensors
                0x08002828      0x304 Example/User/main.o
                0x08002828                readSensors
 .text.Error_Handler
                0x08002b2c        0x2 Example/User/main.o
                0x08002b2c                Error_Handler
 *fill*         0x08002b2e        0x2 
 .text.HAL_RTC_MspInit
                0x08002b30       0x54 Example/User/stm32f4xx_hal_msp.o
                0x08002b30                HAL_RTC_MspInit
 .text.NMI_Handler
                0x08002b84        0x2 Example/User/stm32f4xx_it.o
                0x08002b84                NMI_Handler
 .text.HardFault_Handler
                0x08002b86        0x2 Example/User/stm32f4xx_it.o
                0x08002b86                HardFault_Handler
 .text.DebugMon_Handler
                0x08002b88        0x2 Example/User/stm32f4xx_it.o
                0x08002b88                DebugMon_Handler
 .text.SysTick_Handler
                0x08002b8a        0x4 Example/User/stm32f4xx_it.o
                0x08002b8a                SysTick_Handler
 *fill*         0x08002b8e        0x2 
 .text.EXTI15_10_IRQHandler
                0x08002b90       0x30 Example/User/stm32f4xx_it.o
                0x08002b90                EXTI15_10_IRQHandler
 .text._sbrk    0x08002bc0       0x34 Example/User/syscalls.o
                0x08002bc0                _sbrk
 .text.HAL_MspInit
                0x08002bf4        0x2 Drivers/STM32F4xx_HAL_Driver/stm32f4xx_hal.o
                0x08002bf4                HAL_MspInit
 .text.HAL_InitTick
                0x08002bf6       0x24 Drivers/STM32F4xx_HAL_Driver/stm32f4xx_hal.o
                0x08002bf6                HAL_InitTick
 *fill*         0x08002c1a        0x2 
 .text.HAL_Init
                0x08002c1c       0x34 Drivers/STM32F4xx_HAL_Driver/stm32f4xx_hal.o
                0x08002c1c                HAL_Init
 .text.HAL_IncTick
                0x08002c50       0x10 Drivers/STM32F4xx_HAL_Driver/stm32f4xx_hal.o
                0x08002c50                HAL_IncTick
 .text.HAL_GetTick
                0x08002c60        0xc Drivers/STM32F4xx_HAL_Driver/stm32f4xx_hal.o
                0x08002c60                HAL_GetTick
 .text.HAL_Delay
                0x08002c6c       0x1a Drivers/STM32F4xx_HAL_Driver/stm32f4xx_hal.o
                0x08002c6c                HAL_Delay
 *fill*         0x08002c86        0x2 
 .text.HAL_NVIC_SetPriorityGrouping
                0x08002c88       0x24 Drivers/STM32F4xx_HAL_Driver/stm32f4xx_hal_cortex.o
                0x08002c88                HAL_NVIC_SetPriorityGrouping
 .text.HAL_NVIC_SetPriority
                0x08002cac       0x60 Drivers/STM32F4xx_HAL_Driver/stm32f4xx_hal_cortex.o
                0x08002cac                HAL_NVIC_SetPriority
 .text.HAL_NVIC_EnableIRQ
                0x08002d0c       0x18 Drivers/STM32F4xx_HAL_Driver/stm32f4xx_hal_cortex.o
                0x08002d0c                HAL_NVIC_EnableIRQ
 .text.HAL_SYSTICK_Config
                0x08002d24       0x2c Drivers/STM32F4xx_HAL_Driver/stm32f4xx_hal_cortex.o
                0x08002d24                HAL_SYSTICK_Config
 .text.HAL_GPIO_Init
                0x08002d50      0x198 Drivers/STM32F4xx_HAL_Driver/stm32f4xx_hal_gpio.o
                0x08002d50                HAL_GPIO_Init
 .text.HAL_GPIO_WritePin
                0x08002ee8        0x8 Drivers/STM32F4xx_HAL_Driver/stm32f4xx_hal_gpio.o
                0x08002ee8                HAL_GPIO_WritePin
 .text.HAL_GPIO_TogglePin
                0x08002ef0        0x8 Drivers/STM32F4xx_HAL_Driver/stm32f4xx_hal_gpio.o
                0x08002ef0                HAL_GPIO_TogglePin
 .text.HAL_GPIO_EXTI_Callback
                0x08002ef8        0x2 Drivers/STM32F4xx_HAL_Driver/stm32f4xx_hal_gpio.o
                0x08002ef8                HAL_GPIO_EXTI_Callback
 .text.I2C_WaitOnMasterAddressFlagUntilTimeout
                0x08002efa       0x7e Drivers/STM32F4xx_HAL_Driver/stm32f4xx_hal_i2c.o
 .text.I2C_WaitOnFlagUntilTimeout
                0x08002f78       0x96 Drivers/STM32F4xx_HAL_Driver/stm32f4xx_hal_i2c.o
 *fill*         0x0800300e        0x2 
 .text.I2C_RequestMemoryWrite
                0x08003010       0x94 Drivers/STM32F4xx_HAL_Driver/stm32f4xx_hal_i2c.o
 .text.I2C_RequestMemoryRead
                0x080030a4       0xd8 Drivers/STM32F4xx_HAL_Driver/stm32f4xx_hal_i2c.o
 .text.HAL_I2C_MspInit
                0x0800317c        0x2 Drivers/STM32F4xx_HAL_Driver/stm32f4xx_hal_i2c.o
                0x0800317c                HAL_I2C_MspInit
 *fill*         0x0800317e        0x2 
 .text.HAL_I2C_Init
                0x08003180       0xd8 Drivers/STM32F4xx_HAL_Driver/stm32f4xx_hal_i2c.o
                0x08003180                HAL_I2C_Init
 .text.HAL_I2C_MspDeInit
                0x08003258        0x2 Drivers/STM32F4xx_HAL_Driver/stm32f4xx_hal_i2c.o
                0x08003258                HAL_I2C_MspDeInit
 .text.HAL_I2C_DeInit
                0x0800325a       0x2c Drivers/STM32F4xx_HAL_Driver/stm32f4xx_hal_i2c.o
                0x0800325a                HAL_I2C_DeInit
 *fill*         0x08003286        0x2 
 .text.HAL_I2C_Mem_Write
                0x08003288       0xe4 Drivers/STM32F4xx_HAL_Driver/stm32f4xx_hal_i2c.o
                0x08003288                HAL_I2C_Mem_Write
 .text.HAL_I2C_Mem_Read
                0x0800336c      0x1b4 Drivers/STM32F4xx_HAL_Driver/stm32f4xx_hal_i2c.o
                0x0800336c                HAL_I2C_Mem_Read
 .text.HAL_I2C_GetState
                0x08003520        0x6 Drivers/STM32F4xx_HAL_Driver/stm32f4xx_hal_i2c.o
                0x08003520                HAL_I2C_GetState
 *fill*         0x08003526        0x2 
 .text.HAL_RCC_OscConfig
                0x08003528      0x310 Drivers/STM32F4xx_HAL_Driver/stm32f4xx_hal_rcc.o
                0x08003528                HAL_RCC_OscConfig
 .text.HAL_RCC_ClockConfig
                0x08003838      0x208 Drivers/STM32F4xx_HAL_Driver/stm32f4xx_hal_rcc.o
                0x08003838                HAL_RCC_ClockConfig
 .text.HAL_RCC_GetSysClockFreq
                0x08003a40       0x80 Drivers/STM32F4xx_HAL_Driver/stm32f4xx_hal_rcc.o
                0x08003a40                HAL_RCC_GetSysClockFreq
 .text.HAL_RCC_GetHCLKFreq
                0x08003ac0       0x34 Drivers/STM32F4xx_HAL_Driver/stm32f4xx_hal_rcc.o
                0x08003ac0                HAL_RCC_GetHCLKFreq
 .text.HAL_RCC_GetPCLK1Freq
                0x08003af4       0x2c Drivers/STM32F4xx_HAL_Driver/stm32f4xx_hal_rcc.o
                0x08003af4                HAL_RCC_GetPCLK1Freq
 .text.HAL_RCC_GetPCLK2Freq
                0x08003b20       0x2c Drivers/STM32F4xx_HAL_Driver/stm32f4xx_hal_rcc.o
                0x08003b20                HAL_RCC_GetPCLK2Freq
 .text.HAL_RCCEx_PeriphCLKConfig
                0x08003b4c      0x13c Drivers/STM32F4xx_HAL_Driver/stm32f4xx_hal_rcc_ex.o
                0x08003b4c                HAL_RCCEx_PeriphCLKConfig
 .text.HAL_RTC_WaitForSynchro
                0x08003c88       0x30 Drivers/STM32F4xx_HAL_Driver/stm32f4xx_hal_rtc.o
                0x08003c88                HAL_RTC_WaitForSynchro
 .text.RTC_EnterInitMode
                0x08003cb8       0x34 Drivers/STM32F4xx_HAL_Driver/stm32f4xx_hal_rtc.o
                0x08003cb8                RTC_EnterInitMode
 .text.HAL_RTC_Init
                0x08003cec       0x88 Drivers/STM32F4xx_HAL_Driver/stm32f4xx_hal_rtc.o
                0x08003cec                HAL_RTC_Init
 .text.RTC_ByteToBcd2
                0x08003d74       0x16 Drivers/STM32F4xx_HAL_Driver/stm32f4xx_hal_rtc.o
                0x08003d74                RTC_ByteToBcd2
 .text.HAL_RTC_SetTime
                0x08003d8a       0xe6 Drivers/STM32F4xx_HAL_Driver/stm32f4xx_hal_rtc.o
                0x08003d8a                HAL_RTC_SetTime
 .text.HAL_RTC_SetDate
                0x08003e70       0xca Drivers/STM32F4xx_HAL_Driver/stm32f4xx_hal_rtc.o
                0x08003e70                HAL_RTC_SetDate
 .text.RTC_Bcd2ToByte
                0x08003f3a       0x12 Drivers/STM32F4xx_HAL_Driver/stm32f4xx_hal_rtc.o
                0x08003f3a                RTC_Bcd2ToByte
 .text.HAL_RTC_GetTime
                0x08003f4c       0x4a Drivers/STM32F4xx_HAL_Driver/stm32f4xx_hal_rtc.o
                0x08003f4c                HAL_RTC_GetTime
 .text.HAL_RTC_GetDate
                0x08003f96       0x3c Drivers/STM32F4xx_HAL_Driver/stm32f4xx_hal_rtc.o
                0x08003f96                HAL_RTC_GetDate
 *fill*         0x08003fd2        0x2 
 .text.UART_SetConfig
                0x08003fd4      0x148 Drivers/STM32F4xx_HAL_Driver/stm32f4xx_hal_uart.o
 .text.UART_WaitOnFlagUntilTimeout.constprop.0
                0x0800411c       0x60 Drivers/STM32F4xx_HAL_Driver/stm32f4xx_hal_uart.o
 .text.HAL_UART_MspInit
                0x0800417c        0x2 Drivers/STM32F4xx_HAL_Driver/stm32f4xx_hal_uart.o
                0x0800417c                HAL_UART_MspInit
 .text.HAL_UART_Init
                0x0800417e       0x58 Drivers/STM32F4xx_HAL_Driver/stm32f4xx_hal_uart.o
                0x0800417e                HAL_UART_Init
 .text.HAL_UART_Transmit
                0x080041d6       0xb8 Drivers/STM32F4xx_HAL_Driver/stm32f4xx_hal_uart.o
                0x080041d6                HAL_UART_Transmit
 *fill*         0x0800428e        0x2 
 .text.SystemInit
                0x08004290       0x4c Drivers/CMSIS/Device/ST/STM32F4xx/Source/Templates/system_stm32f4xx.o
                0x08004290                SystemInit
 .text.Reset_Handler
                0x080042dc       0x50 Drivers/CMSIS/Device/ST/STM32F4xx/Source/Templates/gcc/startup_stm32f401xe.o
                0x080042dc                Reset_Handler
 .text.Default_Handler
                0x0800432c        0x2 Drivers/CMSIS/Device/ST/STM32F4xx/Source/Templates/gcc/startup_stm32f401xe.o
                0x0800432c                RTC_Alarm_IRQHandler
                0x0800432c                EXTI2_IRQHandler
                0x0800432c                SPI4_IRQHandler
                0x0800432c                TIM1_CC_IRQHandler
                0x0800432c                DMA2_Stream5_IRQHandler
                0x0800432c                DMA1_Stream5_IRQHandler
                0x0800432c                PVD_IRQHandler
                0x0800432c                SDIO_IRQHandler
                0x0800432c                TAMP_STAMP_IRQHandler
                0x0800432c                EXTI3_IRQHandler
                0x0800432c                TIM1_UP_TIM10_IRQHandler
                0x0800432c                I2C3_ER_IRQHandler
                0x0800432c                EXTI0_IRQHandler
                0x0800432c                I2C2_EV_IRQHandler
                0x0800432c                DMA1_Stream2_IRQHandler
                0x0800432c                FPU_IRQHandler
                0x0800432c                UsageFault_Handler
                0x0800432c                DMA2_Stream2_IRQHandler
                0x0800432c                SPI1_IRQHandler
                0x0800432c                TIM1_BRK_TIM9_IRQHandler
                0x0800432c                DMA2_Stream3_IRQHandler
                0x0800432c                USART6_IRQHandler
                0x0800432c                DMA2_Stream0_IRQHandler
                0x0800432c                TIM4_IRQHandler
                0x0800432c                I2C1_EV_IRQHandler
                0x0800432c                DMA1_Stream6_IRQHandler
                0x0800432c                DMA1_Stream1_IRQHandler
                0x0800432c                TIM3_IRQHandler
                0x0800432c                RCC_IRQHandler
                0x0800432c                Default_Handler
                0x0800432c                ADC_IRQHandler
                0x0800432c                DMA1_Stream7_IRQHandler
                0x0800432c                TIM5_IRQHandler
                0x0800432c                DMA2_Stream7_IRQHandler
                0x0800432c                I2C3_EV_IRQHandler
                0x0800432c                EXTI9_5_IRQHandler
                0x0800432c                RTC_WKUP_IRQHandler
                0x0800432c                SPI2_IRQHandler
                0x0800432c                MemManage_Handler
                0x0800432c                DMA1_Stream0_IRQHandler
                0x0800432c                EXTI4_IRQHandler
                0x0800432c                WWDG_IRQHandler
                0x0800432c                TIM2_IRQHandler
                0x0800432c                OTG_FS_WKUP_IRQHandler
                0x0800432c                TIM1_TRG_COM_TIM11_IRQHandler
                0x0800432c                EXTI1_IRQHandler
                0x0800432c                USART2_IRQHandler
                0x0800432c                I2C2_ER_IRQHandler
                0x0800432c                DMA2_Stream1_IRQHandler
                0x0800432c                FLASH_IRQHandler
                0x0800432c                DMA2_Stream4_IRQHandler
                0x0800432c                BusFault_Handler
                0x0800432c                USART1_IRQHandler
                0x0800432c                OTG_FS_IRQHandler
                0x0800432c                SPI3_IRQHandler
                0x0800432c                DMA1_Stream4_IRQHandler
                0x0800432c                I2C1_ER_IRQHandler
                0x0800432c                DMA2_Stream6_IRQHandler
                0x0800432c                DMA1_Stream3_IRQHandler
 *fill*         0x0800432e        0x2 
 .text.I2C_EXPBD_Init
                0x08004330       0xc4 Drivers/BSP/X_NUCLEO_IKS01A1/x_nucleo_iks01a1.o
 .text.Sensor_IO_Init
                0x080043f4        0xe Drivers/BSP/X_NUCLEO_IKS01A1/x_nucleo_iks01a1.o
                0x080043f4                Sensor_IO_Init
 .text.LSM6DS0_Sensor_IO_ITConfig
                0x08004402        0x4 Drivers/BSP/X_NUCLEO_IKS01A1/x_nucleo_iks01a1.o
                0x08004402                LSM6DS0_Sensor_IO_ITConfig
 *fill*         0x08004406        0x2 
 .text.LSM6DS3_Sensor_IO_ITConfig
                0x08004408       0x88 Drivers/BSP/X_NUCLEO_IKS01A1/x_nucleo_iks01a1.o
                0x08004408                LSM6DS3_Sensor_IO_ITConfig
 .text.Sensor_IO_Write
                0x08004490       0x34 Drivers/BSP/X_NUCLEO_IKS01A1/x_nucleo_iks01a1.o
                0x08004490                Sensor_IO_Write
 .text.Sensor_IO_Read
                0x080044c4       0x34 Drivers/BSP/X_NUCLEO_IKS01A1/x_nucleo_iks01a1.o
                0x080044c4                Sensor_IO_Read
 .text.BSP_LSM6DS0_ACCELERO_Init
                0x080044f8       0x94 Drivers/BSP/X_NUCLEO_IKS01A1/x_nucleo_iks01a1_accelero.o
 .text.BSP_LSM6DS3_ACCELERO_Init
                0x0800458c       0x88 Drivers/BSP/X_NUCLEO_IKS01A1/x_nucleo_iks01a1_accelero.o
 .text.BSP_ACCELERO_Init
                0x08004614       0x30 Drivers/BSP/X_NUCLEO_IKS01A1/x_nucleo_iks01a1_accelero.o
                0x08004614                BSP_ACCELERO_Init
 .text.BSP_ACCELERO_Sensor_Enable
                0x08004644       0x18 Drivers/BSP/X_NUCLEO_IKS01A1/x_nucleo_iks01a1_accelero.o
                0x08004644                BSP_ACCELERO_Sensor_Enable
 .text.BSP_ACCELERO_Sensor_Disable
                0x0800465c       0x18 Drivers/BSP/X_NUCLEO_IKS01A1/x_nucleo_iks01a1_accelero.o
                0x0800465c                BSP_ACCELERO_Sensor_Disable
 .text.BSP_ACCELERO_IsInitialized
                0x08004674       0x10 Drivers/BSP/X_NUCLEO_IKS01A1/x_nucleo_iks01a1_accelero.o
                0x08004674                BSP_ACCELERO_IsInitialized
 .text.BSP_ACCELERO_Get_Instance
                0x08004684       0x10 Drivers/BSP/X_NUCLEO_IKS01A1/x_nucleo_iks01a1_accelero.o
                0x08004684                BSP_ACCELERO_Get_Instance
 .text.BSP_ACCELERO_Get_WhoAmI
                0x08004694       0x18 Drivers/BSP/X_NUCLEO_IKS01A1/x_nucleo_iks01a1_accelero.o
                0x08004694                BSP_ACCELERO_Get_WhoAmI
 .text.BSP_ACCELERO_Get_Axes
                0x080046ac       0x1a Drivers/BSP/X_NUCLEO_IKS01A1/x_nucleo_iks01a1_accelero.o
                0x080046ac                BSP_ACCELERO_Get_Axes
 .text.BSP_ACCELERO_Get_ODR
                0x080046c6       0x1a Drivers/BSP/X_NUCLEO_IKS01A1/x_nucleo_iks01a1_accelero.o
                0x080046c6                BSP_ACCELERO_Get_ODR
 .text.BSP_ACCELERO_Get_FS
                0x080046e0       0x1a Drivers/BSP/X_NUCLEO_IKS01A1/x_nucleo_iks01a1_accelero.o
                0x080046e0                BSP_ACCELERO_Get_FS
 *fill*         0x080046fa        0x2 
 .text.BSP_LSM6DS0_GYRO_Init
                0x080046fc       0x90 Drivers/BSP/X_NUCLEO_IKS01A1/x_nucleo_iks01a1_gyro.o
 .text.BSP_LSM6DS3_GYRO_Init
                0x0800478c       0x7c Drivers/BSP/X_NUCLEO_IKS01A1/x_nucleo_iks01a1_gyro.o
 .text.BSP_GYRO_Init
                0x08004808       0x30 Drivers/BSP/X_NUCLEO_IKS01A1/x_nucleo_iks01a1_gyro.o
                0x08004808                BSP_GYRO_Init
 .text.BSP_GYRO_Sensor_Enable
                0x08004838       0x18 Drivers/BSP/X_NUCLEO_IKS01A1/x_nucleo_iks01a1_gyro.o
                0x08004838                BSP_GYRO_Sensor_Enable
 .text.BSP_GYRO_Sensor_Disable
                0x08004850       0x18 Drivers/BSP/X_NUCLEO_IKS01A1/x_nucleo_iks01a1_gyro.o
                0x08004850                BSP_GYRO_Sensor_Disable
 .text.BSP_GYRO_IsInitialized
                0x08004868       0x10 Drivers/BSP/X_NUCLEO_IKS01A1/x_nucleo_iks01a1_gyro.o
                0x08004868                BSP_GYRO_IsInitialized
 .text.BSP_GYRO_Get_Instance
                0x08004878       0x10 Drivers/BSP/X_NUCLEO_IKS01A1/x_nucleo_iks01a1_gyro.o
                0x08004878                BSP_GYRO_Get_Instance
 .text.BSP_GYRO_Get_WhoAmI
                0x08004888       0x1a Drivers/BSP/X_NUCLEO_IKS01A1/x_nucleo_iks01a1_gyro.o
                0x08004888                BSP_GYRO_Get_WhoAmI
 .text.BSP_GYRO_Get_Axes
                0x080048a2       0x1a Drivers/BSP/X_NUCLEO_IKS01A1/x_nucleo_iks01a1_gyro.o
                0x080048a2                BSP_GYRO_Get_Axes
 .text.BSP_GYRO_Get_ODR
                0x080048bc       0x1a Drivers/BSP/X_NUCLEO_IKS01A1/x_nucleo_iks01a1_gyro.o
                0x080048bc                BSP_GYRO_Get_ODR
 .text.BSP_GYRO_Get_FS
                0x080048d6       0x1a Drivers/BSP/X_NUCLEO_IKS01A1/x_nucleo_iks01a1_gyro.o
                0x080048d6                BSP_GYRO_Get_FS
 .text.BSP_HUMIDITY_Sensor_Enable
                0x080048f0       0x18 Drivers/BSP/X_NUCLEO_IKS01A1/x_nucleo_iks01a1_humidity.o
                0x080048f0                BSP_HUMIDITY_Sensor_Enable
 .text.BSP_HUMIDITY_Sensor_Disable
                0x08004908       0x18 Drivers/BSP/X_NUCLEO_IKS01A1/x_nucleo_iks01a1_humidity.o
                0x08004908                BSP_HUMIDITY_Sensor_Disable
 .text.BSP_LIS3MDL_MAGNETO_Init
                0x08004920       0x78 Drivers/BSP/X_NUCLEO_IKS01A1/x_nucleo_iks01a1_magneto.o
 .text.BSP_MAGNETO_Init
                0x08004998       0x14 Drivers/BSP/X_NUCLEO_IKS01A1/x_nucleo_iks01a1_magneto.o
                0x08004998                BSP_MAGNETO_Init
 .text.BSP_MAGNETO_Sensor_Enable
                0x080049ac       0x18 Drivers/BSP/X_NUCLEO_IKS01A1/x_nucleo_iks01a1_magneto.o
                0x080049ac                BSP_MAGNETO_Sensor_Enable
 .text.BSP_MAGNETO_Sensor_Disable
                0x080049c4       0x18 Drivers/BSP/X_NUCLEO_IKS01A1/x_nucleo_iks01a1_magneto.o
                0x080049c4                BSP_MAGNETO_Sensor_Disable
 .text.BSP_MAGNETO_IsInitialized
                0x080049dc       0x10 Drivers/BSP/X_NUCLEO_IKS01A1/x_nucleo_iks01a1_magneto.o
                0x080049dc                BSP_MAGNETO_IsInitialized
 .text.BSP_MAGNETO_Get_Instance
                0x080049ec       0x10 Drivers/BSP/X_NUCLEO_IKS01A1/x_nucleo_iks01a1_magneto.o
                0x080049ec                BSP_MAGNETO_Get_Instance
 .text.BSP_MAGNETO_Get_WhoAmI
                0x080049fc       0x1a Drivers/BSP/X_NUCLEO_IKS01A1/x_nucleo_iks01a1_magneto.o
                0x080049fc                BSP_MAGNETO_Get_WhoAmI
 .text.BSP_MAGNETO_Get_Axes
                0x08004a16       0x1a Drivers/BSP/X_NUCLEO_IKS01A1/x_nucleo_iks01a1_magneto.o
                0x08004a16                BSP_MAGNETO_Get_Axes
 .text.BSP_MAGNETO_Get_ODR
                0x08004a30       0x1a Drivers/BSP/X_NUCLEO_IKS01A1/x_nucleo_iks01a1_magneto.o
                0x08004a30                BSP_MAGNETO_Get_ODR
 .text.BSP_MAGNETO_Get_FS
                0x08004a4a       0x1a Drivers/BSP/X_NUCLEO_IKS01A1/x_nucleo_iks01a1_magneto.o
                0x08004a4a                BSP_MAGNETO_Get_FS
 .text.BSP_PRESSURE_Sensor_Enable
                0x08004a64       0x18 Drivers/BSP/X_NUCLEO_IKS01A1/x_nucleo_iks01a1_pressure.o
                0x08004a64                BSP_PRESSURE_Sensor_Enable
 .text.BSP_PRESSURE_Sensor_Disable
                0x08004a7c       0x18 Drivers/BSP/X_NUCLEO_IKS01A1/x_nucleo_iks01a1_pressure.o
                0x08004a7c                BSP_PRESSURE_Sensor_Disable
 .text.BSP_TEMPERATURE_Sensor_Enable
                0x08004a94       0x18 Drivers/BSP/X_NUCLEO_IKS01A1/x_nucleo_iks01a1_temperature.o
                0x08004a94                BSP_TEMPERATURE_Sensor_Enable
 .text.BSP_TEMPERATURE_Sensor_Disable
                0x08004aac       0x18 Drivers/BSP/X_NUCLEO_IKS01A1/x_nucleo_iks01a1_temperature.o
                0x08004aac                BSP_TEMPERATURE_Sensor_Disable
 .text.BSP_LED_Init
                0x08004ac4       0x4c Drivers/BSP/STM32F4xx-Nucleo/stm32f4xx_nucleo.o
                0x08004ac4                BSP_LED_Init
 .text.BSP_PB_Init
                0x08004b10       0x7c Drivers/BSP/STM32F4xx-Nucleo/stm32f4xx_nucleo.o
                0x08004b10                BSP_PB_Init
 .text.LIS3MDL_MAG_ReadReg
                0x08004b8c       0x10 Drivers/BSP/Components/LIS3MDL_MAG_driver.o
 .text.LIS3MDL_MAG_WriteReg
                0x08004b9c       0x1c Drivers/BSP/Components/LIS3MDL_MAG_driver.o
 .text.LIS3MDL_MAG_R_WHO_AM_I_
                0x08004bb8       0x12 Drivers/BSP/Components/LIS3MDL_MAG_driver.o
                0x08004bb8                LIS3MDL_MAG_R_WHO_AM_I_
 .text.LIS3MDL_MAG_W_OutputDataRate
                0x08004bca       0x32 Drivers/BSP/Components/LIS3MDL_MAG_driver.o
                0x08004bca                LIS3MDL_MAG_W_OutputDataRate
 .text.LIS3MDL_MAG_R_OutputDataRate
                0x08004bfc       0x1a Drivers/BSP/Components/LIS3MDL_MAG_driver.o
                0x08004bfc                LIS3MDL_MAG_R_OutputDataRate
 .text.LIS3MDL_MAG_W_OperatingModeXY
                0x08004c16       0x32 Drivers/BSP/Components/LIS3MDL_MAG_driver.o
                0x08004c16                LIS3MDL_MAG_W_OperatingModeXY
 .text.LIS3MDL_MAG_W_TemperatureSensor
                0x08004c48       0x32 Drivers/BSP/Components/LIS3MDL_MAG_driver.o
                0x08004c48                LIS3MDL_MAG_W_TemperatureSensor
 .text.LIS3MDL_MAG_W_FullScale
                0x08004c7a       0x32 Drivers/BSP/Components/LIS3MDL_MAG_driver.o
                0x08004c7a                LIS3MDL_MAG_W_FullScale
 .text.LIS3MDL_MAG_R_FullScale
                0x08004cac       0x1a Drivers/BSP/Components/LIS3MDL_MAG_driver.o
                0x08004cac                LIS3MDL_MAG_R_FullScale
 .text.LIS3MDL_MAG_W_SystemOperatingMode
                0x08004cc6       0x32 Drivers/BSP/Components/LIS3MDL_MAG_driver.o
                0x08004cc6                LIS3MDL_MAG_W_SystemOperatingMode
 .text.LIS3MDL_MAG_W_BlockDataUpdate
                0x08004cf8       0x32 Drivers/BSP/Components/LIS3MDL_MAG_driver.o
                0x08004cf8                LIS3MDL_MAG_W_BlockDataUpdate
 .text.LIS3MDL_MAG_Get_Magnatic
                0x08004d2a       0x3a Drivers/BSP/Components/LIS3MDL_MAG_driver.o
                0x08004d2a                LIS3MDL_MAG_Get_Magnatic
 .text.LIS3MDL_Set_FS_Value
                0x08004d64       0x44 Drivers/BSP/Components/LIS3MDL_MAG_driver_HL.o
 .text.LIS3MDL_Set_FS
                0x08004da8       0x26 Drivers/BSP/Components/LIS3MDL_MAG_driver_HL.o
 *fill*         0x08004dce        0x2 
 .text.LIS3MDL_Get_FS
                0x08004dd0       0x50 Drivers/BSP/Components/LIS3MDL_MAG_driver_HL.o
 .text.LIS3MDL_Get_Sensitivity
                0x08004e20       0x58 Drivers/BSP/Components/LIS3MDL_MAG_driver_HL.o
 .text.LIS3MDL_Set_ODR_Value
                0x08004e78       0x90 Drivers/BSP/Components/LIS3MDL_MAG_driver_HL.o
 .text.LIS3MDL_Set_ODR
                0x08004f08       0x2e Drivers/BSP/Components/LIS3MDL_MAG_driver_HL.o
 *fill*         0x08004f36        0x2 
 .text.LIS3MDL_Get_ODR
                0x08004f38       0x88 Drivers/BSP/Components/LIS3MDL_MAG_driver_HL.o
 .text.LIS3MDL_Get_Axes_Raw
                0x08004fc0       0x48 Drivers/BSP/Components/LIS3MDL_MAG_driver_HL.o
 .text.LIS3MDL_Get_AxesRaw
                0x08005008       0x26 Drivers/BSP/Components/LIS3MDL_MAG_driver_HL.o
 .text.LIS3MDL_Get_Axes
                0x0800502e       0x78 Drivers/BSP/Components/LIS3MDL_MAG_driver_HL.o
 .text.LIS3MDL_Get_WhoAmI
                0x080050a6        0xe Drivers/BSP/Components/LIS3MDL_MAG_driver_HL.o
 .text.LIS3MDL_Check_WhoAmI
                0x080050b4       0x24 Drivers/BSP/Components/LIS3MDL_MAG_driver_HL.o
 .text.LIS3MDL_Sensor_Disable
                0x080050d8       0x1e Drivers/BSP/Components/LIS3MDL_MAG_driver_HL.o
 .text.LIS3MDL_DeInit
                0x080050f6       0x20 Drivers/BSP/Components/LIS3MDL_MAG_driver_HL.o
 .text.LIS3MDL_Sensor_Enable
                0x08005116       0x1e Drivers/BSP/Components/LIS3MDL_MAG_driver_HL.o
 .text.LIS3MDL_Init
                0x08005134       0x60 Drivers/BSP/Components/LIS3MDL_MAG_driver_HL.o
 .text.LSM6DS0_ACC_GYRO_ReadReg
                0x08005194       0x10 Drivers/BSP/Components/LSM6DS0_ACC_GYRO_driver.o
 .text.LSM6DS0_ACC_GYRO_WriteReg
                0x080051a4       0x1c Drivers/BSP/Components/LSM6DS0_ACC_GYRO_driver.o
 .text.LSM6DS0_ACC_GYRO_R_WHO_AM_I_
                0x080051c0       0x12 Drivers/BSP/Components/LSM6DS0_ACC_GYRO_driver.o
                0x080051c0                LSM6DS0_ACC_GYRO_R_WHO_AM_I_
 *fill*         0x080051d2        0x2 
 .text.LSM6DS0_ACC_GYRO_W_GyroFullScale
                0x080051d4       0x58 Drivers/BSP/Components/LSM6DS0_ACC_GYRO_driver.o
                0x080051d4                LSM6DS0_ACC_GYRO_W_GyroFullScale
 .text.LSM6DS0_ACC_GYRO_R_GyroFullScale
                0x0800522c       0x1a Drivers/BSP/Components/LSM6DS0_ACC_GYRO_driver.o
                0x0800522c                LSM6DS0_ACC_GYRO_R_GyroFullScale
 .text.LSM6DS0_ACC_GYRO_W_GyroDataRate
                0x08005246       0x32 Drivers/BSP/Components/LSM6DS0_ACC_GYRO_driver.o
                0x08005246                LSM6DS0_ACC_GYRO_W_GyroDataRate
 .text.LSM6DS0_ACC_GYRO_R_GyroDataRate
                0x08005278       0x1a Drivers/BSP/Components/LSM6DS0_ACC_GYRO_driver.o
                0x08005278                LSM6DS0_ACC_GYRO_R_GyroDataRate
 .text.LSM6DS0_ACC_GYRO_W_GyroAxisX
                0x08005292       0x32 Drivers/BSP/Components/LSM6DS0_ACC_GYRO_driver.o
                0x08005292                LSM6DS0_ACC_GYRO_W_GyroAxisX
 .text.LSM6DS0_ACC_GYRO_R_GyroAxisX
                0x080052c4       0x1a Drivers/BSP/Components/LSM6DS0_ACC_GYRO_driver.o
                0x080052c4                LSM6DS0_ACC_GYRO_R_GyroAxisX
 .text.LSM6DS0_ACC_GYRO_W_GyroAxisY
                0x080052de       0x32 Drivers/BSP/Components/LSM6DS0_ACC_GYRO_driver.o
                0x080052de                LSM6DS0_ACC_GYRO_W_GyroAxisY
 .text.LSM6DS0_ACC_GYRO_R_GyroAxisY
                0x08005310       0x1a Drivers/BSP/Components/LSM6DS0_ACC_GYRO_driver.o
                0x08005310                LSM6DS0_ACC_GYRO_R_GyroAxisY
 .text.LSM6DS0_ACC_GYRO_W_GyroAxisZ
                0x0800532a       0x32 Drivers/BSP/Components/LSM6DS0_ACC_GYRO_driver.o
                0x0800532a                LSM6DS0_ACC_GYRO_W_GyroAxisZ
 .text.LSM6DS0_ACC_GYRO_R_GyroAxisZ
                0x0800535c       0x1a Drivers/BSP/Components/LSM6DS0_ACC_GYRO_driver.o
                0x0800535c                LSM6DS0_ACC_GYRO_R_GyroAxisZ
 .text.LSM6DS0_ACC_GYRO_W_AccelerometerAxisX
                0x08005376       0x32 Drivers/BSP/Components/LSM6DS0_ACC_GYRO_driver.o
                0x08005376                LSM6DS0_ACC_GYRO_W_AccelerometerAxisX
 .text.LSM6DS0_ACC_GYRO_R_AccelerometerAxisX
                0x080053a8       0x1a Drivers/BSP/Components/LSM6DS0_ACC_GYRO_driver.o
                0x080053a8                LSM6DS0_ACC_GYRO_R_AccelerometerAxisX
 .text.LSM6DS0_ACC_GYRO_W_AccelerometerAxisY
                0x080053c2       0x32 Drivers/BSP/Components/LSM6DS0_ACC_GYRO_driver.o
                0x080053c2                LSM6DS0_ACC_GYRO_W_AccelerometerAxisY
 .text.LSM6DS0_ACC_GYRO_R_AccelerometerAxisY
                0x080053f4       0x1a Drivers/BSP/Components/LSM6DS0_ACC_GYRO_driver.o
                0x080053f4                LSM6DS0_ACC_GYRO_R_AccelerometerAxisY
 .text.LSM6DS0_ACC_GYRO_W_AccelerometerAxisZ
                0x0800540e       0x32 Drivers/BSP/Components/LSM6DS0_ACC_GYRO_driver.o
                0x0800540e                LSM6DS0_ACC_GYRO_W_AccelerometerAxisZ
 .text.LSM6DS0_ACC_GYRO_R_AccelerometerAxisZ
                0x08005440       0x1a Drivers/BSP/Components/LSM6DS0_ACC_GYRO_driver.o
                0x08005440                LSM6DS0_ACC_GYRO_R_AccelerometerAxisZ
 .text.LSM6DS0_ACC_GYRO_W_AccelerometerFullScale
                0x0800545a       0x32 Drivers/BSP/Components/LSM6DS0_ACC_GYRO_driver.o
                0x0800545a                LSM6DS0_ACC_GYRO_W_AccelerometerFullScale
 .text.LSM6DS0_ACC_GYRO_R_AccelerometerFullScale
                0x0800548c       0x1a Drivers/BSP/Components/LSM6DS0_ACC_GYRO_driver.o
                0x0800548c                LSM6DS0_ACC_GYRO_R_AccelerometerFullScale
 .text.LSM6DS0_ACC_GYRO_W_AccelerometerDataRate
                0x080054a6       0x32 Drivers/BSP/Components/LSM6DS0_ACC_GYRO_driver.o
                0x080054a6                LSM6DS0_ACC_GYRO_W_AccelerometerDataRate
 .text.LSM6DS0_ACC_GYRO_R_AccelerometerDataRate
                0x080054d8       0x1a Drivers/BSP/Components/LSM6DS0_ACC_GYRO_driver.o
                0x080054d8                LSM6DS0_ACC_GYRO_R_AccelerometerDataRate
 .text.LSM6DS0_ACC_GYRO_W_BlockDataUpdate
                0x080054f2       0x32 Drivers/BSP/Components/LSM6DS0_ACC_GYRO_driver.o
                0x080054f2                LSM6DS0_ACC_GYRO_W_BlockDataUpdate
 .text.LSM6DS0_ACC_GYRO_Get_AngularRate
                0x08005524       0x3a Drivers/BSP/Components/LSM6DS0_ACC_GYRO_driver.o
                0x08005524                LSM6DS0_ACC_GYRO_Get_AngularRate
 .text.LSM6DS0_ACC_GYRO_Get_Acceleration
                0x0800555e       0x3a Drivers/BSP/Components/LSM6DS0_ACC_GYRO_driver.o
                0x0800555e                LSM6DS0_ACC_GYRO_Get_Acceleration
 .text.LSM6DS0_X_Get_Axes_Status
                0x08005598       0x60 Drivers/BSP/Components/LSM6DS0_ACC_GYRO_driver_HL.o
 .text.LSM6DS0_X_Set_FS_Value
                0x080055f8       0x44 Drivers/BSP/Components/LSM6DS0_ACC_GYRO_driver_HL.o
 .text.LSM6DS0_X_Set_FS
                0x0800563c       0x26 Drivers/BSP/Components/LSM6DS0_ACC_GYRO_driver_HL.o
 *fill*         0x08005662        0x2 
 .text.LSM6DS0_X_Get_FS
                0x08005664       0x50 Drivers/BSP/Components/LSM6DS0_ACC_GYRO_driver_HL.o
 .text.LSM6DS0_X_Get_Sensitivity
                0x080056b4       0x48 Drivers/BSP/Components/LSM6DS0_ACC_GYRO_driver_HL.o
 .text.LSM6DS0_X_Set_ODR_Value_When_Enabled
                0x080056fc       0x78 Drivers/BSP/Components/LSM6DS0_ACC_GYRO_driver_HL.o
 .text.LSM6DS0_X_Sensor_Enable
                0x08005774       0x22 Drivers/BSP/Components/LSM6DS0_ACC_GYRO_driver_HL.o
 .text.LSM6DS0_X_Get_Axes_Raw
                0x08005796       0x48 Drivers/BSP/Components/LSM6DS0_ACC_GYRO_driver_HL.o
 .text.LSM6DS0_X_Get_AxesRaw
                0x080057de       0x26 Drivers/BSP/Components/LSM6DS0_ACC_GYRO_driver_HL.o
 .text.LSM6DS0_X_Get_Axes
                0x08005804       0x78 Drivers/BSP/Components/LSM6DS0_ACC_GYRO_driver_HL.o
 .text.LSM6DS0_Check_WhoAmI
                0x0800587c       0x26 Drivers/BSP/Components/LSM6DS0_ACC_GYRO_driver_HL.o
 .text.LSM6DS0_X_Check_WhoAmI
                0x080058a2        0x4 Drivers/BSP/Components/LSM6DS0_ACC_GYRO_driver_HL.o
 .text.LSM6DS0_G_Check_WhoAmI
                0x080058a6        0x4 Drivers/BSP/Components/LSM6DS0_ACC_GYRO_driver_HL.o
 .text.LSM6DS0_G_Get_Axes_Status
                0x080058aa       0x60 Drivers/BSP/Components/LSM6DS0_ACC_GYRO_driver_HL.o
 *fill*         0x0800590a        0x2 
 .text.LSM6DS0_G_Set_FS_Value
                0x0800590c       0x3c Drivers/BSP/Components/LSM6DS0_ACC_GYRO_driver_HL.o
 .text.LSM6DS0_G_Set_FS
                0x08005948       0x26 Drivers/BSP/Components/LSM6DS0_ACC_GYRO_driver_HL.o
 *fill*         0x0800596e        0x2 
 .text.LSM6DS0_G_Get_FS
                0x08005970       0x48 Drivers/BSP/Components/LSM6DS0_ACC_GYRO_driver_HL.o
 .text.LSM6DS0_G_Get_Sensitivity
                0x080059b8       0x48 Drivers/BSP/Components/LSM6DS0_ACC_GYRO_driver_HL.o
 .text.LSM6DS0_G_Get_ODR
                0x08005a00       0x78 Drivers/BSP/Components/LSM6DS0_ACC_GYRO_driver_HL.o
 .text.LSM6DS0_G_Set_ODR_Value_When_Enabled
                0x08005a78       0x90 Drivers/BSP/Components/LSM6DS0_ACC_GYRO_driver_HL.o
 .text.LSM6DS0_G_Sensor_Enable
                0x08005b08       0x26 Drivers/BSP/Components/LSM6DS0_ACC_GYRO_driver_HL.o
 .text.LSM6DS0_G_Sensor_Disable
                0x08005b2e       0x3a Drivers/BSP/Components/LSM6DS0_ACC_GYRO_driver_HL.o
 .text.LSM6DS0_G_DeInit
                0x08005b68       0x28 Drivers/BSP/Components/LSM6DS0_ACC_GYRO_driver_HL.o
 .text.LSM6DS0_G_Get_Axes_Raw
                0x08005b90       0x48 Drivers/BSP/Components/LSM6DS0_ACC_GYRO_driver_HL.o
 .text.LSM6DS0_G_Get_AxesRaw
                0x08005bd8       0x26 Drivers/BSP/Components/LSM6DS0_ACC_GYRO_driver_HL.o
 .text.LSM6DS0_G_Get_Axes
                0x08005bfe       0x78 Drivers/BSP/Components/LSM6DS0_ACC_GYRO_driver_HL.o
 .text.LSM6DS0_X_Set_Axes_Status
                0x08005c76       0x46 Drivers/BSP/Components/LSM6DS0_ACC_GYRO_driver_HL.o
 .text.LSM6DS0_X_Init
                0x08005cbc       0x68 Drivers/BSP/Components/LSM6DS0_ACC_GYRO_driver_HL.o
 .text.LSM6DS0_X_Set_ODR_Value
                0x08005d24       0x84 Drivers/BSP/Components/LSM6DS0_ACC_GYRO_driver_HL.o
 .text.LSM6DS0_X_Set_ODR
                0x08005da8       0x5c Drivers/BSP/Components/LSM6DS0_ACC_GYRO_driver_HL.o
 .text.LSM6DS0_X_Get_ODR
                0x08005e04       0x88 Drivers/BSP/Components/LSM6DS0_ACC_GYRO_driver_HL.o
 .text.LSM6DS0_X_Sensor_Disable
                0x08005e8c       0x2e Drivers/BSP/Components/LSM6DS0_ACC_GYRO_driver_HL.o
 .text.LSM6DS0_X_DeInit
                0x08005eba       0x28 Drivers/BSP/Components/LSM6DS0_ACC_GYRO_driver_HL.o
 .text.LSM6DS0_G_Set_Axes_Status
                0x08005ee2       0x46 Drivers/BSP/Components/LSM6DS0_ACC_GYRO_driver_HL.o
 .text.LSM6DS0_G_Init
                0x08005f28       0x6c Drivers/BSP/Components/LSM6DS0_ACC_GYRO_driver_HL.o
 .text.LSM6DS0_G_Set_ODR_Value
                0x08005f94       0xe4 Drivers/BSP/Components/LSM6DS0_ACC_GYRO_driver_HL.o
 .text.LSM6DS0_G_Set_ODR
                0x08006078       0x74 Drivers/BSP/Components/LSM6DS0_ACC_GYRO_driver_HL.o
 .text.LSM6DS0_G_Get_WhoAmI
                0x080060ec        0xe Drivers/BSP/Components/LSM6DS0_ACC_GYRO_driver_HL.o
 .text.LSM6DS0_X_Get_WhoAmI
                0x080060fa        0xe Drivers/BSP/Components/LSM6DS0_ACC_GYRO_driver_HL.o
 .text.LSM6DS3_ACC_GYRO_WriteReg
                0x08006108       0x1c Drivers/BSP/Components/LSM6DS3_ACC_GYRO_driver.o
 .text.LSM6DS3_ACC_GYRO_ReadReg
                0x08006124       0x10 Drivers/BSP/Components/LSM6DS3_ACC_GYRO_driver.o
 .text.LSM6DS3_ACC_GYRO_W_Open_RAM_Page
                0x08006134       0x32 Drivers/BSP/Components/LSM6DS3_ACC_GYRO_driver.o
                0x08006134                LSM6DS3_ACC_GYRO_W_Open_RAM_Page
 .text.LSM6DS3_ACC_GYRO_W_FIFO_MODE
                0x08006166       0x32 Drivers/BSP/Components/LSM6DS3_ACC_GYRO_driver.o
                0x08006166                LSM6DS3_ACC_GYRO_W_FIFO_MODE
 .text.LSM6DS3_ACC_GYRO_W_PEDO_STEP_on_INT1
                0x08006198       0x32 Drivers/BSP/Components/LSM6DS3_ACC_GYRO_driver.o
                0x08006198                LSM6DS3_ACC_GYRO_W_PEDO_STEP_on_INT1
 .text.LSM6DS3_ACC_GYRO_R_WHO_AM_I
                0x080061ca       0x12 Drivers/BSP/Components/LSM6DS3_ACC_GYRO_driver.o
                0x080061ca                LSM6DS3_ACC_GYRO_R_WHO_AM_I
 .text.LSM6DS3_ACC_GYRO_W_FS_XL
                0x080061dc       0x32 Drivers/BSP/Components/LSM6DS3_ACC_GYRO_driver.o
                0x080061dc                LSM6DS3_ACC_GYRO_W_FS_XL
 .text.LSM6DS3_ACC_GYRO_R_FS_XL
                0x0800620e       0x1a Drivers/BSP/Components/LSM6DS3_ACC_GYRO_driver.o
                0x0800620e                LSM6DS3_ACC_GYRO_R_FS_XL
 .text.LSM6DS3_ACC_GYRO_W_ODR_XL
                0x08006228       0x32 Drivers/BSP/Components/LSM6DS3_ACC_GYRO_driver.o
                0x08006228                LSM6DS3_ACC_GYRO_W_ODR_XL
 .text.LSM6DS3_ACC_GYRO_R_ODR_XL
                0x0800625a       0x1a Drivers/BSP/Components/LSM6DS3_ACC_GYRO_driver.o
                0x0800625a                LSM6DS3_ACC_GYRO_R_ODR_XL
 .text.LSM6DS3_ACC_GYRO_W_FS_125
                0x08006274       0x32 Drivers/BSP/Components/LSM6DS3_ACC_GYRO_driver.o
                0x08006274                LSM6DS3_ACC_GYRO_W_FS_125
 .text.LSM6DS3_ACC_GYRO_R_FS_125
                0x080062a6       0x1a Drivers/BSP/Components/LSM6DS3_ACC_GYRO_driver.o
                0x080062a6                LSM6DS3_ACC_GYRO_R_FS_125
 .text.LSM6DS3_ACC_GYRO_W_FS_G
                0x080062c0       0x32 Drivers/BSP/Components/LSM6DS3_ACC_GYRO_driver.o
                0x080062c0                LSM6DS3_ACC_GYRO_W_FS_G
 .text.LSM6DS3_ACC_GYRO_R_FS_G
                0x080062f2       0x1a Drivers/BSP/Components/LSM6DS3_ACC_GYRO_driver.o
                0x080062f2                LSM6DS3_ACC_GYRO_R_FS_G
 .text.LSM6DS3_ACC_GYRO_W_ODR_G
                0x0800630c       0x32 Drivers/BSP/Components/LSM6DS3_ACC_GYRO_driver.o
                0x0800630c                LSM6DS3_ACC_GYRO_W_ODR_G
 .text.LSM6DS3_ACC_GYRO_R_ODR_G
                0x0800633e       0x1a Drivers/BSP/Components/LSM6DS3_ACC_GYRO_driver.o
                0x0800633e                LSM6DS3_ACC_GYRO_R_ODR_G
 .text.LSM6DS3_ACC_GYRO_W_IF_Addr_Incr
                0x08006358       0x32 Drivers/BSP/Components/LSM6DS3_ACC_GYRO_driver.o
                0x08006358                LSM6DS3_ACC_GYRO_W_IF_Addr_Incr
 .text.LSM6DS3_ACC_GYRO_W_BDU
                0x0800638a       0x32 Drivers/BSP/Components/LSM6DS3_ACC_GYRO_driver.o
                0x0800638a                LSM6DS3_ACC_GYRO_W_BDU
 .text.LSM6DS3_ACC_GYRO_W_XEN_XL
                0x080063bc       0x32 Drivers/BSP/Components/LSM6DS3_ACC_GYRO_driver.o
                0x080063bc                LSM6DS3_ACC_GYRO_W_XEN_XL
 .text.LSM6DS3_ACC_GYRO_R_XEN_XL
                0x080063ee       0x1a Drivers/BSP/Components/LSM6DS3_ACC_GYRO_driver.o
                0x080063ee                LSM6DS3_ACC_GYRO_R_XEN_XL
 .text.LSM6DS3_ACC_GYRO_W_YEN_XL
                0x08006408       0x32 Drivers/BSP/Components/LSM6DS3_ACC_GYRO_driver.o
                0x08006408                LSM6DS3_ACC_GYRO_W_YEN_XL
 .text.LSM6DS3_ACC_GYRO_R_YEN_XL
                0x0800643a       0x1a Drivers/BSP/Components/LSM6DS3_ACC_GYRO_driver.o
                0x0800643a                LSM6DS3_ACC_GYRO_R_YEN_XL
 .text.LSM6DS3_ACC_GYRO_W_ZEN_XL
                0x08006454       0x32 Drivers/BSP/Components/LSM6DS3_ACC_GYRO_driver.o
                0x08006454                LSM6DS3_ACC_GYRO_W_ZEN_XL
 .text.LSM6DS3_ACC_GYRO_R_ZEN_XL
                0x08006486       0x1a Drivers/BSP/Components/LSM6DS3_ACC_GYRO_driver.o
                0x08006486                LSM6DS3_ACC_GYRO_R_ZEN_XL
 .text.LSM6DS3_ACC_GYRO_W_PedoStepReset
                0x080064a0       0x32 Drivers/BSP/Components/LSM6DS3_ACC_GYRO_driver.o
                0x080064a0                LSM6DS3_ACC_GYRO_W_PedoStepReset
 .text.LSM6DS3_ACC_GYRO_W_XEN_G
                0x080064d2       0x32 Drivers/BSP/Components/LSM6DS3_ACC_GYRO_driver.o
                0x080064d2                LSM6DS3_ACC_GYRO_W_XEN_G
 .text.LSM6DS3_ACC_GYRO_R_XEN_G
                0x08006504       0x1a Drivers/BSP/Components/LSM6DS3_ACC_GYRO_driver.o
                0x08006504                LSM6DS3_ACC_GYRO_R_XEN_G
 .text.LSM6DS3_ACC_GYRO_W_YEN_G
                0x0800651e       0x32 Drivers/BSP/Components/LSM6DS3_ACC_GYRO_driver.o
                0x0800651e                LSM6DS3_ACC_GYRO_W_YEN_G
 .text.LSM6DS3_ACC_GYRO_R_YEN_G
                0x08006550       0x1a Drivers/BSP/Components/LSM6DS3_ACC_GYRO_driver.o
                0x08006550                LSM6DS3_ACC_GYRO_R_YEN_G
 .text.LSM6DS3_ACC_GYRO_W_ZEN_G
                0x0800656a       0x32 Drivers/BSP/Components/LSM6DS3_ACC_GYRO_driver.o
                0x0800656a                LSM6DS3_ACC_GYRO_W_ZEN_G
 .text.LSM6DS3_ACC_GYRO_R_ZEN_G
                0x0800659c       0x1a Drivers/BSP/Components/LSM6DS3_ACC_GYRO_driver.o
                0x0800659c                LSM6DS3_ACC_GYRO_R_ZEN_G
 .text.LSM6DS3_ACC_GYRO_W_FUNC_EN
                0x080065b6       0x32 Drivers/BSP/Components/LSM6DS3_ACC_GYRO_driver.o
                0x080065b6                LSM6DS3_ACC_GYRO_W_FUNC_EN
 .text.LSM6DS3_ACC_GYRO_R_WU_EV_STATUS
                0x080065e8       0x1a Drivers/BSP/Components/LSM6DS3_ACC_GYRO_driver.o
                0x080065e8                LSM6DS3_ACC_GYRO_R_WU_EV_STATUS
 .text.LSM6DS3_ACC_GYRO_R_FF_EV_STATUS
                0x08006602       0x1a Drivers/BSP/Components/LSM6DS3_ACC_GYRO_driver.o
                0x08006602                LSM6DS3_ACC_GYRO_R_FF_EV_STATUS
 .text.LSM6DS3_ACC_GYRO_R_DOUBLE_TAP_EV_STATUS
                0x0800661c       0x1a Drivers/BSP/Components/LSM6DS3_ACC_GYRO_driver.o
                0x0800661c                LSM6DS3_ACC_GYRO_R_DOUBLE_TAP_EV_STATUS
 .text.LSM6DS3_ACC_GYRO_R_SINGLE_TAP_EV_STATUS
                0x08006636       0x1a Drivers/BSP/Components/LSM6DS3_ACC_GYRO_driver.o
                0x08006636                LSM6DS3_ACC_GYRO_R_SINGLE_TAP_EV_STATUS
 .text.LSM6DS3_ACC_GYRO_R_DSD_XL
                0x08006650       0x1a Drivers/BSP/Components/LSM6DS3_ACC_GYRO_driver.o
                0x08006650                LSM6DS3_ACC_GYRO_R_DSD_XL
 .text.LSM6DS3_ACC_GYRO_R_DSD_XH
                0x0800666a       0x1a Drivers/BSP/Components/LSM6DS3_ACC_GYRO_driver.o
                0x0800666a                LSM6DS3_ACC_GYRO_R_DSD_XH
 .text.LSM6DS3_ACC_GYRO_R_DSD_YL
                0x08006684       0x1a Drivers/BSP/Components/LSM6DS3_ACC_GYRO_driver.o
                0x08006684                LSM6DS3_ACC_GYRO_R_DSD_YL
 .text.LSM6DS3_ACC_GYRO_R_DSD_YH
                0x0800669e       0x1a Drivers/BSP/Components/LSM6DS3_ACC_GYRO_driver.o
                0x0800669e                LSM6DS3_ACC_GYRO_R_DSD_YH
 .text.LSM6DS3_ACC_GYRO_R_DSD_ZL
                0x080066b8       0x1a Drivers/BSP/Components/LSM6DS3_ACC_GYRO_driver.o
                0x080066b8                LSM6DS3_ACC_GYRO_R_DSD_ZL
 .text.LSM6DS3_ACC_GYRO_R_DSD_ZH
                0x080066d2       0x1a Drivers/BSP/Components/LSM6DS3_ACC_GYRO_driver.o
                0x080066d2                LSM6DS3_ACC_GYRO_R_DSD_ZH
 .text.LSM6DS3_ACC_GYRO_R_D6D_EV_STATUS
                0x080066ec       0x1a Drivers/BSP/Components/LSM6DS3_ACC_GYRO_driver.o
                0x080066ec                LSM6DS3_ACC_GYRO_R_D6D_EV_STATUS
 .text.LSM6DS3_ACC_GYRO_R_PEDO_EV_STATUS
                0x08006706       0x1a Drivers/BSP/Components/LSM6DS3_ACC_GYRO_driver.o
                0x08006706                LSM6DS3_ACC_GYRO_R_PEDO_EV_STATUS
 .text.LSM6DS3_ACC_GYRO_R_TILT_EV_STATUS
                0x08006720       0x1a Drivers/BSP/Components/LSM6DS3_ACC_GYRO_driver.o
                0x08006720                LSM6DS3_ACC_GYRO_R_TILT_EV_STATUS
 .text.LSM6DS3_ACC_GYRO_W_TAP_Z_EN
                0x0800673a       0x32 Drivers/BSP/Components/LSM6DS3_ACC_GYRO_driver.o
                0x0800673a                LSM6DS3_ACC_GYRO_W_TAP_Z_EN
 .text.LSM6DS3_ACC_GYRO_W_TAP_Y_EN
                0x0800676c       0x32 Drivers/BSP/Components/LSM6DS3_ACC_GYRO_driver.o
                0x0800676c                LSM6DS3_ACC_GYRO_W_TAP_Y_EN
 .text.LSM6DS3_ACC_GYRO_W_TAP_X_EN
                0x0800679e       0x32 Drivers/BSP/Components/LSM6DS3_ACC_GYRO_driver.o
                0x0800679e                LSM6DS3_ACC_GYRO_W_TAP_X_EN
 .text.LSM6DS3_ACC_GYRO_W_TILT_EN
                0x080067d0       0x32 Drivers/BSP/Components/LSM6DS3_ACC_GYRO_driver.o
                0x080067d0                LSM6DS3_ACC_GYRO_W_TILT_EN
 .text.LSM6DS3_ACC_GYRO_W_PEDO_EN
                0x08006802       0x32 Drivers/BSP/Components/LSM6DS3_ACC_GYRO_driver.o
                0x08006802                LSM6DS3_ACC_GYRO_W_PEDO_EN
 .text.LSM6DS3_ACC_GYRO_W_TAP_THS
                0x08006834       0x36 Drivers/BSP/Components/LSM6DS3_ACC_GYRO_driver.o
                0x08006834                LSM6DS3_ACC_GYRO_W_TAP_THS
 .text.LSM6DS3_ACC_GYRO_W_SIXD_THS
                0x0800686a       0x32 Drivers/BSP/Components/LSM6DS3_ACC_GYRO_driver.o
                0x0800686a                LSM6DS3_ACC_GYRO_W_SIXD_THS
 .text.LSM6DS3_ACC_GYRO_W_SHOCK_Duration
                0x0800689c       0x36 Drivers/BSP/Components/LSM6DS3_ACC_GYRO_driver.o
                0x0800689c                LSM6DS3_ACC_GYRO_W_SHOCK_Duration
 .text.LSM6DS3_ACC_GYRO_W_QUIET_Duration
                0x080068d2       0x38 Drivers/BSP/Components/LSM6DS3_ACC_GYRO_driver.o
                0x080068d2                LSM6DS3_ACC_GYRO_W_QUIET_Duration
 .text.LSM6DS3_ACC_GYRO_W_DUR
                0x0800690a       0x36 Drivers/BSP/Components/LSM6DS3_ACC_GYRO_driver.o
                0x0800690a                LSM6DS3_ACC_GYRO_W_DUR
 .text.LSM6DS3_ACC_GYRO_W_WK_THS
                0x08006940       0x36 Drivers/BSP/Components/LSM6DS3_ACC_GYRO_driver.o
                0x08006940                LSM6DS3_ACC_GYRO_W_WK_THS
 .text.LSM6DS3_ACC_GYRO_W_SINGLE_DOUBLE_TAP_EV
                0x08006976       0x32 Drivers/BSP/Components/LSM6DS3_ACC_GYRO_driver.o
                0x08006976                LSM6DS3_ACC_GYRO_W_SINGLE_DOUBLE_TAP_EV
 .text.LSM6DS3_ACC_GYRO_W_SLEEP_DUR
                0x080069a8       0x36 Drivers/BSP/Components/LSM6DS3_ACC_GYRO_driver.o
                0x080069a8                LSM6DS3_ACC_GYRO_W_SLEEP_DUR
 .text.LSM6DS3_ACC_GYRO_W_TIMER_HR
                0x080069de       0x32 Drivers/BSP/Components/LSM6DS3_ACC_GYRO_driver.o
                0x080069de                LSM6DS3_ACC_GYRO_W_TIMER_HR
 .text.LSM6DS3_ACC_GYRO_W_WAKE_DUR
                0x08006a10       0x38 Drivers/BSP/Components/LSM6DS3_ACC_GYRO_driver.o
                0x08006a10                LSM6DS3_ACC_GYRO_W_WAKE_DUR
 .text.LSM6DS3_ACC_GYRO_W_FF_THS
                0x08006a48       0x32 Drivers/BSP/Components/LSM6DS3_ACC_GYRO_driver.o
                0x08006a48                LSM6DS3_ACC_GYRO_W_FF_THS
 .text.LSM6DS3_ACC_GYRO_W_FF_Duration
                0x08006a7a       0x6c Drivers/BSP/Components/LSM6DS3_ACC_GYRO_driver.o
                0x08006a7a                LSM6DS3_ACC_GYRO_W_FF_Duration
 .text.LSM6DS3_ACC_GYRO_W_TiltEvOnInt1
                0x08006ae6       0x32 Drivers/BSP/Components/LSM6DS3_ACC_GYRO_driver.o
                0x08006ae6                LSM6DS3_ACC_GYRO_W_TiltEvOnInt1
 .text.LSM6DS3_ACC_GYRO_W_6DEvOnInt1
                0x08006b18       0x32 Drivers/BSP/Components/LSM6DS3_ACC_GYRO_driver.o
                0x08006b18                LSM6DS3_ACC_GYRO_W_6DEvOnInt1
 .text.LSM6DS3_ACC_GYRO_W_TapEvOnInt1
                0x08006b4a       0x32 Drivers/BSP/Components/LSM6DS3_ACC_GYRO_driver.o
                0x08006b4a                LSM6DS3_ACC_GYRO_W_TapEvOnInt1
 .text.LSM6DS3_ACC_GYRO_W_FFEvOnInt1
                0x08006b7c       0x32 Drivers/BSP/Components/LSM6DS3_ACC_GYRO_driver.o
                0x08006b7c                LSM6DS3_ACC_GYRO_W_FFEvOnInt1
 .text.LSM6DS3_ACC_GYRO_W_WUEvOnInt1
                0x08006bae       0x32 Drivers/BSP/Components/LSM6DS3_ACC_GYRO_driver.o
                0x08006bae                LSM6DS3_ACC_GYRO_W_WUEvOnInt1
 .text.LSM6DS3_ACC_GYRO_W_SingleTapOnInt1
                0x08006be0       0x32 Drivers/BSP/Components/LSM6DS3_ACC_GYRO_driver.o
                0x08006be0                LSM6DS3_ACC_GYRO_W_SingleTapOnInt1
 .text.LSM6DS3_ACC_GYRO_GetRawGyroData
                0x08006c12       0x3a Drivers/BSP/Components/LSM6DS3_ACC_GYRO_driver.o
                0x08006c12                LSM6DS3_ACC_GYRO_GetRawGyroData
 .text.LSM6DS3_ACC_GYRO_GetRawAccData
                0x08006c4c       0x3a Drivers/BSP/Components/LSM6DS3_ACC_GYRO_driver.o
                0x08006c4c                LSM6DS3_ACC_GYRO_GetRawAccData
 .text.LSM6DS3_ACC_GYRO_Get_GetStepCounter
                0x08006c86       0x22 Drivers/BSP/Components/LSM6DS3_ACC_GYRO_driver.o
                0x08006c86                LSM6DS3_ACC_GYRO_Get_GetStepCounter
 .text.LSM6DS3_ACC_GYRO_W_PedoThreshold
                0x08006ca8       0x40 Drivers/BSP/Components/LSM6DS3_ACC_GYRO_driver.o
                0x08006ca8                LSM6DS3_ACC_GYRO_W_PedoThreshold
 .text.LSM6DS3_X_Get_6D_Orientation_ZH
                0x08006ce8       0x2c Drivers/BSP/Components/LSM6DS3_ACC_GYRO_driver_HL.o
 .text.LSM6DS3_X_Get_6D_Orientation_ZL
                0x08006d14       0x2c Drivers/BSP/Components/LSM6DS3_ACC_GYRO_driver_HL.o
 .text.LSM6DS3_X_Get_6D_Orientation_YH
                0x08006d40       0x2c Drivers/BSP/Components/LSM6DS3_ACC_GYRO_driver_HL.o
 .text.LSM6DS3_X_Get_6D_Orientation_YL
                0x08006d6c       0x2c Drivers/BSP/Components/LSM6DS3_ACC_GYRO_driver_HL.o
 .text.LSM6DS3_X_Get_6D_Orientation_XH
                0x08006d98       0x2c Drivers/BSP/Components/LSM6DS3_ACC_GYRO_driver_HL.o
 .text.LSM6DS3_X_Get_6D_Orientation_XL
                0x08006dc4       0x28 Drivers/BSP/Components/LSM6DS3_ACC_GYRO_driver_HL.o
 .text.LSM6DS3_X_Get_6D_Orientation_Status
                0x08006dec       0x2c Drivers/BSP/Components/LSM6DS3_ACC_GYRO_driver_HL.o
 .text.LSM6DS3_X_Set_FS_Value
                0x08006e18       0x44 Drivers/BSP/Components/LSM6DS3_ACC_GYRO_driver_HL.o
 .text.LSM6DS3_X_Set_FS
                0x08006e5c       0x26 Drivers/BSP/Components/LSM6DS3_ACC_GYRO_driver_HL.o
 *fill*         0x08006e82        0x2 
 .text.LSM6DS3_X_Set_ODR_Value_When_Enabled
                0x08006e84       0xe4 Drivers/BSP/Components/LSM6DS3_ACC_GYRO_driver_HL.o
 .text.LSM6DS3_X_Sensor_Enable
                0x08006f68       0x22 Drivers/BSP/Components/LSM6DS3_ACC_GYRO_driver_HL.o
 .text.LSM6DS3_X_Set_Tap_Duration_Time
                0x08006f8a        0xe Drivers/BSP/Components/LSM6DS3_ACC_GYRO_driver_HL.o
 .text.LSM6DS3_X_Set_Tap_Quiet_Time
                0x08006f98        0xe Drivers/BSP/Components/LSM6DS3_ACC_GYRO_driver_HL.o
 .text.LSM6DS3_X_Set_Tap_Shock_Time
                0x08006fa6        0xe Drivers/BSP/Components/LSM6DS3_ACC_GYRO_driver_HL.o
 .text.LSM6DS3_X_Set_Tap_Threshold
                0x08006fb4        0xe Drivers/BSP/Components/LSM6DS3_ACC_GYRO_driver_HL.o
 .text.LSM6DS3_X_Get_Double_Tap_Detection_Status
                0x08006fc2       0x2c Drivers/BSP/Components/LSM6DS3_ACC_GYRO_driver_HL.o
 .text.LSM6DS3_X_Get_Single_Tap_Detection_Status
                0x08006fee       0x2c Drivers/BSP/Components/LSM6DS3_ACC_GYRO_driver_HL.o
 .text.LSM6DS3_X_Set_Wake_Up_Threshold
                0x0800701a        0xe Drivers/BSP/Components/LSM6DS3_ACC_GYRO_driver_HL.o
 .text.LSM6DS3_X_Get_Wake_Up_Detection_Status
                0x08007028       0x2c Drivers/BSP/Components/LSM6DS3_ACC_GYRO_driver_HL.o
 .text.LSM6DS3_X_Get_Tilt_Detection_Status
                0x08007054       0x2c Drivers/BSP/Components/LSM6DS3_ACC_GYRO_driver_HL.o
 .text.LSM6DS3_X_Set_Pedometer_Threshold
                0x08007080        0xe Drivers/BSP/Components/LSM6DS3_ACC_GYRO_driver_HL.o
 .text.LSM6DS3_X_Disable_Step_Counter_Reset
                0x0800708e       0x10 Drivers/BSP/Components/LSM6DS3_ACC_GYRO_driver_HL.o
 .text.LSM6DS3_X_Enable_Step_Counter_Reset
                0x0800709e       0x10 Drivers/BSP/Components/LSM6DS3_ACC_GYRO_driver_HL.o
 .text.LSM6DS3_X_Get_Step_Count
                0x080070ae        0xe Drivers/BSP/Components/LSM6DS3_ACC_GYRO_driver_HL.o
 .text.LSM6DS3_X_Get_Pedometer_Status
                0x080070bc       0x2c Drivers/BSP/Components/LSM6DS3_ACC_GYRO_driver_HL.o
 .text.LSM6DS3_X_Set_Free_Fall_Threshold
                0x080070e8        0xe Drivers/BSP/Components/LSM6DS3_ACC_GYRO_driver_HL.o
 .text.LSM6DS3_X_Get_Free_Fall_Detection_Status
                0x080070f6       0x2c Drivers/BSP/Components/LSM6DS3_ACC_GYRO_driver_HL.o
 .text.LSM6DS3_X_Get_Axes_Status
                0x08007122       0x60 Drivers/BSP/Components/LSM6DS3_ACC_GYRO_driver_HL.o
 *fill*         0x08007182        0x2 
 .text.LSM6DS3_X_Get_FS
                0x08007184       0x54 Drivers/BSP/Components/LSM6DS3_ACC_GYRO_driver_HL.o
 .text.LSM6DS3_X_Get_Sensitivity
                0x080071d8       0x5c Drivers/BSP/Components/LSM6DS3_ACC_GYRO_driver_HL.o
 .text.LSM6DS3_X_Get_ODR
                0x08007234       0xb8 Drivers/BSP/Components/LSM6DS3_ACC_GYRO_driver_HL.o
 .text.LSM6DS3_X_Get_Axes_Raw
                0x080072ec       0x48 Drivers/BSP/Components/LSM6DS3_ACC_GYRO_driver_HL.o
 .text.LSM6DS3_X_Get_AxesRaw
                0x08007334       0x26 Drivers/BSP/Components/LSM6DS3_ACC_GYRO_driver_HL.o
 .text.LSM6DS3_X_Get_Axes
                0x0800735a       0x78 Drivers/BSP/Components/LSM6DS3_ACC_GYRO_driver_HL.o
 .text.LSM6DS3_Check_WhoAmI
                0x080073d2       0x26 Drivers/BSP/Components/LSM6DS3_ACC_GYRO_driver_HL.o
 .text.LSM6DS3_X_Check_WhoAmI
                0x080073f8        0x4 Drivers/BSP/Components/LSM6DS3_ACC_GYRO_driver_HL.o
 .text.LSM6DS3_G_Check_WhoAmI
                0x080073fc        0x4 Drivers/BSP/Components/LSM6DS3_ACC_GYRO_driver_HL.o
 .text.LSM6DS3_G_Get_Axes_Status
                0x08007400       0x60 Drivers/BSP/Components/LSM6DS3_ACC_GYRO_driver_HL.o
 .text.LSM6DS3_G_Set_FS
                0x08007460       0x26 Drivers/BSP/Components/LSM6DS3_ACC_GYRO_driver_HL.o
 *fill*         0x08007486        0x2 
 .text.LSM6DS3_G_Get_FS
                0x08007488       0x78 Drivers/BSP/Components/LSM6DS3_ACC_GYRO_driver_HL.o
 .text.LSM6DS3_G_Set_ODR_Value_When_Enabled
                0x08007500       0xa0 Drivers/BSP/Components/LSM6DS3_ACC_GYRO_driver_HL.o
 .text.LSM6DS3_G_Sensor_Enable
                0x080075a0       0x22 Drivers/BSP/Components/LSM6DS3_ACC_GYRO_driver_HL.o
 *fill*         0x080075c2        0x2 
 .text.LSM6DS3_G_Get_ODR
                0x080075c4       0x94 Drivers/BSP/Components/LSM6DS3_ACC_GYRO_driver_HL.o
 .text.LSM6DS3_G_Get_Axes_Raw
                0x08007658       0x48 Drivers/BSP/Components/LSM6DS3_ACC_GYRO_driver_HL.o
 .text.LSM6DS3_G_Get_AxesRaw
                0x080076a0       0x26 Drivers/BSP/Components/LSM6DS3_ACC_GYRO_driver_HL.o
 .text.LSM6DS3_X_Disable_6D_Orientation
                0x080076c6       0x20 Drivers/BSP/Components/LSM6DS3_ACC_GYRO_driver_HL.o
 *fill*         0x080076e6        0x2 
 .text.LSM6DS3_X_Set_ODR_Value
                0x080076e8       0xe0 Drivers/BSP/Components/LSM6DS3_ACC_GYRO_driver_HL.o
 .text.LSM6DS3_X_Enable_6D_Orientation
                0x080077c8       0x40 Drivers/BSP/Components/LSM6DS3_ACC_GYRO_driver_HL.o
 .text.LSM6DS3_X_Set_ODR
                0x08007808       0x68 Drivers/BSP/Components/LSM6DS3_ACC_GYRO_driver_HL.o
 .text.LSM6DS3_X_Disable_Double_Tap_Detection
                0x08007870       0x74 Drivers/BSP/Components/LSM6DS3_ACC_GYRO_driver_HL.o
 .text.LSM6DS3_X_Enable_Double_Tap_Detection
                0x080078e4       0x94 Drivers/BSP/Components/LSM6DS3_ACC_GYRO_driver_HL.o
 .text.LSM6DS3_X_Disable_Single_Tap_Detection
                0x08007978       0x5c Drivers/BSP/Components/LSM6DS3_ACC_GYRO_driver_HL.o
 .text.LSM6DS3_X_Enable_Single_Tap_Detection
                0x080079d4       0x7c Drivers/BSP/Components/LSM6DS3_ACC_GYRO_driver_HL.o
 .text.LSM6DS3_X_Disable_Wake_Up_Detection
                0x08007a50       0x2c Drivers/BSP/Components/LSM6DS3_ACC_GYRO_driver_HL.o
 .text.LSM6DS3_X_Enable_Wake_Up_Detection
                0x08007a7c       0x4c Drivers/BSP/Components/LSM6DS3_ACC_GYRO_driver_HL.o
 .text.LSM6DS3_X_Disable_Tilt_Detection
                0x08007ac8       0x2c Drivers/BSP/Components/LSM6DS3_ACC_GYRO_driver_HL.o
 .text.LSM6DS3_X_Enable_Tilt_Detection
                0x08007af4       0x48 Drivers/BSP/Components/LSM6DS3_ACC_GYRO_driver_HL.o
 .text.LSM6DS3_X_Disable_Pedometer
                0x08007b3c       0x38 Drivers/BSP/Components/LSM6DS3_ACC_GYRO_driver_HL.o
 .text.LSM6DS3_X_Enable_Pedometer
                0x08007b74       0x54 Drivers/BSP/Components/LSM6DS3_ACC_GYRO_driver_HL.o
 .text.LSM6DS3_X_Disable_Free_Fall_Detection
                0x08007bc8       0x2c Drivers/BSP/Components/LSM6DS3_ACC_GYRO_driver_HL.o
 .text.LSM6DS3_X_Enable_Free_Fall_Detection
                0x08007bf4       0x70 Drivers/BSP/Components/LSM6DS3_ACC_GYRO_driver_HL.o
 .text.LSM6DS3_X_Set_Axes_Status
                0x08007c64       0x46 Drivers/BSP/Components/LSM6DS3_ACC_GYRO_driver_HL.o
 *fill*         0x08007caa        0x2 
 .text.LSM6DS3_X_Init
                0x08007cac       0x80 Drivers/BSP/Components/LSM6DS3_ACC_GYRO_driver_HL.o
 .text.LSM6DS3_X_Sensor_Disable
                0x08007d2c       0x2e Drivers/BSP/Components/LSM6DS3_ACC_GYRO_driver_HL.o
 .text.LSM6DS3_X_DeInit
                0x08007d5a       0x6e Drivers/BSP/Components/LSM6DS3_ACC_GYRO_driver_HL.o
 .text.LSM6DS3_G_Set_Axes_Status
                0x08007dc8       0x46 Drivers/BSP/Components/LSM6DS3_ACC_GYRO_driver_HL.o
 *fill*         0x08007e0e        0x2 
 .text.LSM6DS3_G_Init
                0x08007e10       0x80 Drivers/BSP/Components/LSM6DS3_ACC_GYRO_driver_HL.o
 .text.LSM6DS3_G_Set_FS_Value
                0x08007e90       0x80 Drivers/BSP/Components/LSM6DS3_ACC_GYRO_driver_HL.o
 .text.LSM6DS3_G_Get_Sensitivity
                0x08007f10       0x78 Drivers/BSP/Components/LSM6DS3_ACC_GYRO_driver_HL.o
 .text.LSM6DS3_G_Get_Axes
                0x08007f88       0x78 Drivers/BSP/Components/LSM6DS3_ACC_GYRO_driver_HL.o
 .text.LSM6DS3_G_Set_ODR_Value
                0x08008000       0xa4 Drivers/BSP/Components/LSM6DS3_ACC_GYRO_driver_HL.o
 .text.LSM6DS3_G_Set_ODR
                0x080080a4       0x68 Drivers/BSP/Components/LSM6DS3_ACC_GYRO_driver_HL.o
 .text.LSM6DS3_G_Sensor_Disable
                0x0800810c       0x2e Drivers/BSP/Components/LSM6DS3_ACC_GYRO_driver_HL.o
 .text.LSM6DS3_G_DeInit
                0x0800813a       0x28 Drivers/BSP/Components/LSM6DS3_ACC_GYRO_driver_HL.o
 .text.LSM6DS3_G_Get_WhoAmI
                0x08008162        0xe Drivers/BSP/Components/LSM6DS3_ACC_GYRO_driver_HL.o
 .text.LSM6DS3_X_Get_WhoAmI
                0x08008170        0xe Drivers/BSP/Components/LSM6DS3_ACC_GYRO_driver_HL.o
 *fill*         0x0800817e        0x2 
 .text.__errno  0x08008180        0xc c:/ac6/systemworkbench/plugins/fr.ac6.mcu.externaltools.arm-none.win32_1.3.0.201507241045/tools/compiler/bin/../lib/gcc/arm-none-eabi/4.9.3/../../../../arm-none-eabi/lib/armv7e-m/fpu\libc_nano.a(lib_a-errno.o)
                0x08008180                __errno
 .text.__libc_init_array
                0x0800818c       0x4c c:/ac6/systemworkbench/plugins/fr.ac6.mcu.externaltools.arm-none.win32_1.3.0.201507241045/tools/compiler/bin/../lib/gcc/arm-none-eabi/4.9.3/../../../../arm-none-eabi/lib/armv7e-m/fpu\libc_nano.a(lib_a-init.o)
                0x0800818c                __libc_init_array
 .text.memcpy   0x080081d8       0x16 c:/ac6/systemworkbench/plugins/fr.ac6.mcu.externaltools.arm-none.win32_1.3.0.201507241045/tools/compiler/bin/../lib/gcc/arm-none-eabi/4.9.3/../../../../arm-none-eabi/lib/armv7e-m/fpu\libc_nano.a(lib_a-memcpy.o)
                0x080081d8                memcpy
 .text.memset   0x080081ee       0x10 c:/ac6/systemworkbench/plugins/fr.ac6.mcu.externaltools.arm-none.win32_1.3.0.201507241045/tools/compiler/bin/../lib/gcc/arm-none-eabi/4.9.3/../../../../arm-none-eabi/lib/armv7e-m/fpu\libc_nano.a(lib_a-memset.o)
                0x080081ee                memset
 *fill*         0x080081fe        0x2 
 .text.sprintf  0x08008200       0x48 c:/ac6/systemworkbench/plugins/fr.ac6.mcu.externaltools.arm-none.win32_1.3.0.201507241045/tools/compiler/bin/../lib/gcc/arm-none-eabi/4.9.3/../../../../arm-none-eabi/lib/armv7e-m/fpu\libc_nano.a(lib_a-sprintf.o)
                0x08008200                siprintf
                0x08008200                sprintf
 .text.strlen   0x08008248       0x10 c:/ac6/systemworkbench/plugins/fr.ac6.mcu.externaltools.arm-none.win32_1.3.0.201507241045/tools/compiler/bin/../lib/gcc/arm-none-eabi/4.9.3/../../../../arm-none-eabi/lib/armv7e-m/fpu\libc_nano.a(lib_a-strlen.o)
                0x08008248                strlen
 .text._malloc_r
                0x08008258       0xac c:/ac6/systemworkbench/plugins/fr.ac6.mcu.externaltools.arm-none.win32_1.3.0.201507241045/tools/compiler/bin/../lib/gcc/arm-none-eabi/4.9.3/../../../../arm-none-eabi/lib/armv7e-m/fpu\libc_nano.a(lib_a-nano-mallocr.o)
                0x08008258                _malloc_r
 .text.__ssputs_r
                0x08008304       0xb2 c:/ac6/systemworkbench/plugins/fr.ac6.mcu.externaltools.arm-none.win32_1.3.0.201507241045/tools/compiler/bin/../lib/gcc/arm-none-eabi/4.9.3/../../../../arm-none-eabi/lib/armv7e-m/fpu\libc_nano.a(lib_a-nano-svfprintf.o)
                0x08008304                __ssputs_r
 *fill*         0x080083b6        0x2 
 .text._svfprintf_r
                0x080083b8      0x1e4 c:/ac6/systemworkbench/plugins/fr.ac6.mcu.externaltools.arm-none.win32_1.3.0.201507241045/tools/compiler/bin/../lib/gcc/arm-none-eabi/4.9.3/../../../../arm-none-eabi/lib/armv7e-m/fpu\libc_nano.a(lib_a-nano-svfprintf.o)
                0x080083b8                _svfiprintf_r
                0x080083b8                _svfprintf_r
 .text._printf_common
                0x0800859c       0xea c:/ac6/systemworkbench/plugins/fr.ac6.mcu.externaltools.arm-none.win32_1.3.0.201507241045/tools/compiler/bin/../lib/gcc/arm-none-eabi/4.9.3/../../../../arm-none-eabi/lib/armv7e-m/fpu\libc_nano.a(lib_a-nano-vfprintf_i.o)
                0x0800859c                _printf_common
 *fill*         0x08008686        0x2 
 .text._printf_i
                0x08008688      0x240 c:/ac6/systemworkbench/plugins/fr.ac6.mcu.externaltools.arm-none.win32_1.3.0.201507241045/tools/compiler/bin/../lib/gcc/arm-none-eabi/4.9.3/../../../../arm-none-eabi/lib/armv7e-m/fpu\libc_nano.a(lib_a-nano-vfprintf_i.o)
                0x08008688                _printf_i
 .text._sbrk_r  0x080088c8       0x20 c:/ac6/systemworkbench/plugins/fr.ac6.mcu.externaltools.arm-none.win32_1.3.0.201507241045/tools/compiler/bin/../lib/gcc/arm-none-eabi/4.9.3/../../../../arm-none-eabi/lib/armv7e-m/fpu\libc_nano.a(lib_a-sbrkr.o)
                0x080088c8                _sbrk_r
 .text.memchr   0x080088e8       0x1e c:/ac6/systemworkbench/plugins/fr.ac6.mcu.externaltools.arm-none.win32_1.3.0.201507241045/tools/compiler/bin/../lib/gcc/arm-none-eabi/4.9.3/../../../../arm-none-eabi/lib/armv7e-m/fpu\libc_nano.a(lib_a-memchr.o)
                0x080088e8                memchr
 .text.memmove  0x08008906       0x36 c:/ac6/systemworkbench/plugins/fr.ac6.mcu.externaltools.arm-none.win32_1.3.0.201507241045/tools/compiler/bin/../lib/gcc/arm-none-eabi/4.9.3/../../../../arm-none-eabi/lib/armv7e-m/fpu\libc_nano.a(lib_a-memmove.o)
                0x08008906                memmove
 .text._free_r  0x0800893c       0x88 c:/ac6/systemworkbench/plugins/fr.ac6.mcu.externaltools.arm-none.win32_1.3.0.201507241045/tools/compiler/bin/../lib/gcc/arm-none-eabi/4.9.3/../../../../arm-none-eabi/lib/armv7e-m/fpu\libc_nano.a(lib_a-nano-freer.o)
                0x0800893c                _free_r
 .text._realloc_r
                0x080089c4       0x4c c:/ac6/systemworkbench/plugins/fr.ac6.mcu.externaltools.arm-none.win32_1.3.0.201507241045/tools/compiler/bin/../lib/gcc/arm-none-eabi/4.9.3/../../../../arm-none-eabi/lib/armv7e-m/fpu\libc_nano.a(lib_a-nano-reallocr.o)
                0x080089c4                _realloc_r
 .text._malloc_usable_size_r
                0x08008a10       0x14 c:/ac6/systemworkbench/plugins/fr.ac6.mcu.externaltools.arm-none.win32_1.3.0.201507241045/tools/compiler/bin/../lib/gcc/arm-none-eabi/4.9.3/../../../../arm-none-eabi/lib/armv7e-m/fpu\libc_nano.a(lib_a-nano-msizer.o)
                0x08008a10                _malloc_usable_size_r
 *(.glue_7)
 .glue_7        0x00000000        0x0 linker stubs
 *(.glue_7t)
 .glue_7t       0x00000000        0x0 linker stubs
 *(.eh_frame)
 .eh_frame      0x08008a24        0x0 c:/ac6/systemworkbench/plugins/fr.ac6.mcu.externaltools.arm-none.win32_1.3.0.201507241045/tools/compiler/bin/../lib/gcc/arm-none-eabi/4.9.3/armv7e-m/fpu/crtbegin.o
 *(.init)
 .init          0x08008a24        0x4 c:/ac6/systemworkbench/plugins/fr.ac6.mcu.externaltools.arm-none.win32_1.3.0.201507241045/tools/compiler/bin/../lib/gcc/arm-none-eabi/4.9.3/armv7e-m/fpu/crti.o
                0x08008a24                _init
 .init          0x08008a28        0x8 c:/ac6/systemworkbench/plugins/fr.ac6.mcu.externaltools.arm-none.win32_1.3.0.201507241045/tools/compiler/bin/../lib/gcc/arm-none-eabi/4.9.3/armv7e-m/fpu/crtn.o
 *(.fini)
 .fini          0x08008a30        0x4 c:/ac6/systemworkbench/plugins/fr.ac6.mcu.externaltools.arm-none.win32_1.3.0.201507241045/tools/compiler/bin/../lib/gcc/arm-none-eabi/4.9.3/armv7e-m/fpu/crti.o
                0x08008a30                _fini
 .fini          0x08008a34        0x8 c:/ac6/systemworkbench/plugins/fr.ac6.mcu.externaltools.arm-none.win32_1.3.0.201507241045/tools/compiler/bin/../lib/gcc/arm-none-eabi/4.9.3/armv7e-m/fpu/crtn.o
                0x08008a3c                . = ALIGN (0x4)
                0x08008a3c                _etext = .

.vfp11_veneer   0x08008a3c        0x0
 .vfp11_veneer  0x00000000        0x0 linker stubs

.v4_bx          0x08008a3c        0x0
 .v4_bx         0x00000000        0x0 linker stubs

.iplt           0x08008a3c        0x0
 .iplt          0x00000000        0x0 c:/ac6/systemworkbench/plugins/fr.ac6.mcu.externaltools.arm-none.win32_1.3.0.201507241045/tools/compiler/bin/../lib/gcc/arm-none-eabi/4.9.3/armv7e-m/fpu/crtbegin.o

.rodata         0x08008a3c      0x254
                0x08008a3c                . = ALIGN (0x4)
 *(.rodata)
 .rodata        0x08008a3c       0x28 Example/User/freertos.o
 .rodata        0x08008a64       0x10 Drivers/STM32F4xx_HAL_Driver/stm32f4xx_hal_rcc.o
                0x08008a64                APBAHBPrescTable
 .rodata        0x08008a74        0x3 Drivers/BSP/Components/LSM6DS0_ACC_GYRO_driver_HL.o
 .rodata        0x08008a77        0x3 Drivers/BSP/Components/LSM6DS3_ACC_GYRO_driver_HL.o
 *(.rodata*)
 .rodata.str1.1
                0x08008a7a        0x5 Middlewares/Third_Party/FreeRTOS/Source/tasks.o
 .rodata.str1.1
                0x08008a7f        0xd Middlewares/Third_Party/FreeRTOS/Source/timers.o
 .rodata.str1.1
                0x00000000        0xd Middlewares/Third_Party/FreeRTOS/Source/CMSIS_RTOS/cmsis_os.o
                                  0x1 (size before relaxing)
 .rodata.str1.1
                0x08008a8c       0x10 Example/User/freertos.o
 .rodata.str1.1
                0x08008a9c      0x15b Example/User/main.o
 .rodata.str1.1
                0x08008bf7        0x2 c:/ac6/systemworkbench/plugins/fr.ac6.mcu.externaltools.arm-none.win32_1.3.0.201507241045/tools/compiler/bin/../lib/gcc/arm-none-eabi/4.9.3/../../../../arm-none-eabi/lib/armv7e-m/fpu\libc_nano.a(lib_a-impure.o)
 *fill*         0x08008bf9        0x3 
 .rodata.__sf_fake_stdin
                0x08008bfc       0x20 c:/ac6/systemworkbench/plugins/fr.ac6.mcu.externaltools.arm-none.win32_1.3.0.201507241045/tools/compiler/bin/../lib/gcc/arm-none-eabi/4.9.3/../../../../arm-none-eabi/lib/armv7e-m/fpu\libc_nano.a(lib_a-findfp.o)
                0x08008bfc                __sf_fake_stdin
 .rodata.__sf_fake_stdout
                0x08008c1c       0x20 c:/ac6/systemworkbench/plugins/fr.ac6.mcu.externaltools.arm-none.win32_1.3.0.201507241045/tools/compiler/bin/../lib/gcc/arm-none-eabi/4.9.3/../../../../arm-none-eabi/lib/armv7e-m/fpu\libc_nano.a(lib_a-findfp.o)
                0x08008c1c                __sf_fake_stdout
 .rodata.__sf_fake_stderr
                0x08008c3c       0x20 c:/ac6/systemworkbench/plugins/fr.ac6.mcu.externaltools.arm-none.win32_1.3.0.201507241045/tools/compiler/bin/../lib/gcc/arm-none-eabi/4.9.3/../../../../arm-none-eabi/lib/armv7e-m/fpu\libc_nano.a(lib_a-findfp.o)
                0x08008c3c                __sf_fake_stderr
 .rodata.str1.1
                0x08008c5c       0x11 c:/ac6/systemworkbench/plugins/fr.ac6.mcu.externaltools.arm-none.win32_1.3.0.201507241045/tools/compiler/bin/../lib/gcc/arm-none-eabi/4.9.3/../../../../arm-none-eabi/lib/armv7e-m/fpu\libc_nano.a(lib_a-nano-svfprintf.o)
 .rodata.str1.1
                0x08008c6d       0x22 c:/ac6/systemworkbench/plugins/fr.ac6.mcu.externaltools.arm-none.win32_1.3.0.201507241045/tools/compiler/bin/../lib/gcc/arm-none-eabi/4.9.3/../../../../arm-none-eabi/lib/armv7e-m/fpu\libc_nano.a(lib_a-nano-vfprintf_i.o)
                0x08008c90                . = ALIGN (0x4)
 *fill*         0x08008c8f        0x1 

.rel.dyn        0x08008c90        0x0
 .rel.iplt      0x00000000        0x0 c:/ac6/systemworkbench/plugins/fr.ac6.mcu.externaltools.arm-none.win32_1.3.0.201507241045/tools/compiler/bin/../lib/gcc/arm-none-eabi/4.9.3/armv7e-m/fpu/crtbegin.o

.ARM.extab
 *(.ARM.extab* .gnu.linkonce.armextab.*)

.ARM            0x08008c90        0x0
                0x08008c90                __exidx_start = .
 *(.ARM.exidx*)
                0x08008c90                __exidx_end = .

.preinit_array  0x08008c90        0x0
                0x08008c90                PROVIDE (__preinit_array_start, .)
 *(.preinit_array*)
                0x08008c90                PROVIDE (__preinit_array_end, .)

.init_array     0x08008c90        0x4
                0x08008c90                PROVIDE (__init_array_start, .)
 *(SORT(.init_array.*))
 *(.init_array*)
 .init_array    0x08008c90        0x4 c:/ac6/systemworkbench/plugins/fr.ac6.mcu.externaltools.arm-none.win32_1.3.0.201507241045/tools/compiler/bin/../lib/gcc/arm-none-eabi/4.9.3/armv7e-m/fpu/crtbegin.o
                0x08008c94                PROVIDE (__init_array_end, .)

.fini_array     0x08008c94        0x4
                0x08008c94                PROVIDE (__fini_array_start, .)
 *(SORT(.fini_array.*))
 *(.fini_array*)
 .fini_array    0x08008c94        0x4 c:/ac6/systemworkbench/plugins/fr.ac6.mcu.externaltools.arm-none.win32_1.3.0.201507241045/tools/compiler/bin/../lib/gcc/arm-none-eabi/4.9.3/armv7e-m/fpu/crtbegin.o
                0x08008c98                PROVIDE (__fini_array_end, .)
                0x08008c98                _sidata = LOADADDR (.data)

.data           0x20000000      0x260 load address 0x08008c98
                0x20000000                . = ALIGN (0x4)
                0x20000000                _sdata = .
 *(.data)
 .data          0x20000000        0x4 Middlewares/Third_Party/FreeRTOS/Source/tasks.o
 .data          0x20000004        0x4 Middlewares/Third_Party/FreeRTOS/Source/portable/GCC/ARM_CM4F/port.o
 .data          0x20000008        0x1 Example/User/main.o
 *fill*         0x20000009        0x3 
 .data          0x2000000c        0x4 Drivers/CMSIS/Device/ST/STM32F4xx/Source/Templates/system_stm32f4xx.o
                0x2000000c                SystemCoreClock
 .data          0x20000010        0xc Drivers/BSP/STM32F4xx-Nucleo/stm32f4xx_nucleo.o
                0x20000010                SpixTimeout
                0x20000014                GPIO_PORT
                0x20000018                BUTTON_PORT
 .data          0x2000001c       0x3c Drivers/BSP/Components/LIS3MDL_MAG_driver_HL.o
                0x2000001c                LIS3MDLDrv
 .data          0x20000058       0x88 Drivers/BSP/Components/LSM6DS0_ACC_GYRO_driver_HL.o
                0x20000058                LSM6DS0_G_Drv
                0x2000009c                LSM6DS0_X_Drv
 .data          0x200000e0      0x11c Drivers/BSP/Components/LSM6DS3_ACC_GYRO_driver_HL.o
                0x200000e0                LSM6DS3_G_Drv
                0x20000124                LSM6DS3_X_Drv
                0x20000168                LSM6DS3_X_ExtDrv
 *(.data*)
 .data.impure_data
                0x200001fc       0x60 c:/ac6/systemworkbench/plugins/fr.ac6.mcu.externaltools.arm-none.win32_1.3.0.201507241045/tools/compiler/bin/../lib/gcc/arm-none-eabi/4.9.3/../../../../arm-none-eabi/lib/armv7e-m/fpu\libc_nano.a(lib_a-impure.o)
 .data._impure_ptr
                0x2000025c        0x4 c:/ac6/systemworkbench/plugins/fr.ac6.mcu.externaltools.arm-none.win32_1.3.0.201507241045/tools/compiler/bin/../lib/gcc/arm-none-eabi/4.9.3/../../../../arm-none-eabi/lib/armv7e-m/fpu\libc_nano.a(lib_a-impure.o)
                0x2000025c                _impure_ptr
                0x20000260                . = ALIGN (0x4)
                0x20000260                _edata = .

.jcr            0x20000260        0x0 load address 0x08008ef8
 .jcr           0x20000260        0x0 c:/ac6/systemworkbench/plugins/fr.ac6.mcu.externaltools.arm-none.win32_1.3.0.201507241045/tools/compiler/bin/../lib/gcc/arm-none-eabi/4.9.3/armv7e-m/fpu/crtbegin.o

.igot.plt       0x20000260        0x0 load address 0x08008ef8
 .igot.plt      0x00000000        0x0 c:/ac6/systemworkbench/plugins/fr.ac6.mcu.externaltools.arm-none.win32_1.3.0.201507241045/tools/compiler/bin/../lib/gcc/arm-none-eabi/4.9.3/armv7e-m/fpu/crtbegin.o
                0x20000260                . = ALIGN (0x4)

.bss            0x20000260     0x427c load address 0x08008ef8
                0x20000260                _sbss = .
                0x20000260                __bss_start__ = _sbss
 *(.bss)
 .bss           0x20000260       0x1c c:/ac6/systemworkbench/plugins/fr.ac6.mcu.externaltools.arm-none.win32_1.3.0.201507241045/tools/compiler/bin/../lib/gcc/arm-none-eabi/4.9.3/armv7e-m/fpu/crtbegin.o
 .bss           0x2000027c      0x124 Middlewares/Third_Party/FreeRTOS/Source/tasks.o
                0x200002a8                pxCurrentTCB
 .bss           0x200003a0       0x38 Middlewares/Third_Party/FreeRTOS/Source/timers.o
 .bss           0x200003d8     0x3c18 Middlewares/Third_Party/FreeRTOS/Source/portable/MemMang/heap_4.o
 .bss           0x20003ff0        0x8 Middlewares/Third_Party/FreeRTOS/Source/portable/GCC/ARM_CM4F/port.o
 .bss           0x20003ff8        0x4 Example/User/freertos.o
 .bss           0x20003ffc      0x140 Example/User/main.o
 .bss           0x2000413c        0x8 Example/User/syscalls.o
                0x20004140                __env
 .bss           0x20004144        0x4 Drivers/STM32F4xx_HAL_Driver/stm32f4xx_hal.o
 .bss           0x20004148       0x3c Drivers/BSP/X_NUCLEO_IKS01A1/x_nucleo_iks01a1.o
 .bss           0x20004184       0x44 Drivers/BSP/X_NUCLEO_IKS01A1/x_nucleo_iks01a1_accelero.o
 .bss           0x200041c8       0x44 Drivers/BSP/X_NUCLEO_IKS01A1/x_nucleo_iks01a1_gyro.o
 .bss           0x2000420c       0x20 Drivers/BSP/X_NUCLEO_IKS01A1/x_nucleo_iks01a1_magneto.o
 *(.bss*)
 .bss.__malloc_sbrk_start